boscij@boscij-Inspiron-1545:~$ cd
boscij@boscij-Inspiron-1545:~$ ls
Desktop    drucken      moti.pdf  photorec.ses  SAM_1463.JPG                              tm1-auf-05.pdf  vlax Skype.jpg
Documents  GIT          moti.tex  Pictures      Studienbrief 1 Betriebsfestigkeit_12.pdf  Unbenannt.png   Windows
Downloads  gitfiles     Music     Programme     Studienbrief_2_Betriebsfestigkeit_13.pdf  Videos
Dropbox    loeschen.m~  News      Public        Templates                                 VirtualBox VMs
boscij@boscij-Inspiron-1545:~$ cd Dropbox/3.Semester_DD/Programmieren/Fortran/
boscij@boscij-Inspiron-1545:~/Dropbox/3.Semester_DD/Programmieren/Fortran$ git pull
remote: Counting objects: 11, done.        
remote: Compressing objects: 100% (10/10), done.        
remote: Total 11 (delta 2), reused 4 (delta 1)        
Unpacking objects: 100% (11/11), done.
From https://github.com/Boscij/Fortran
   9ce1c44..7c25f05  master     -> origin/master
Updating 9ce1c44..7c25f05
Fast-forward
 u7/a15         |  Bin 18289 -> 18618 bytes
 u7/a15.f95     |    3 ++-
 u7/a16/a.out   |  Bin 0 -> 18046 bytes
 u7/a16/a16     |  Bin 17725 -> 18046 bytes
 u7/a16/a16.f95 |   15 +++++++-------
 u7/toure.f95   |    2 +-
 u7/tourede.mod |   61 +++++++++++++++++++++++++++++---------------------------
 7 files changed, 43 insertions(+), 38 deletions(-)
 create mode 100755 u7/a16/a.out
boscij@boscij-Inspiron-1545:~/Dropbox/3.Semester_DD/Programmieren/Fortran$ f95 simpson_mod.f95 simpson.f95 -o simpson
f95: error: simpson_mod.f95: No such file or directory
f95: error: simpson.f95: No such file or directory
boscij@boscij-Inspiron-1545:~/Dropbox/3.Semester_DD/Programmieren/Fortran$ cd pruefffff/
boscij@boscij-Inspiron-1545:~/Dropbox/3.Semester_DD/Programmieren/Fortran/pruefffff$ f95 simpson_mod.f95 simpson.f95 -o simpson
simpson_mod.f95:4.23:

  public :: pr, simpson
                       1
Error: PUBLIC attribute applied to MODULE simpson at (1)
simpson_mod.f95:15.18:

  function simpson (n,a,b)
                  1
Error: MODULE attribute of 'simpson' conflicts with PROCEDURE attribute at (1)
simpson_mod.f95:16.25:

    integer,intent(in)::n
                         1
Error: Unexpected data declaration statement in CONTAINS section at (1)
simpson_mod.f95:17.33:

    real(kind=pr),intent(in)::a,b
                                 1
Error: Unexpected data declaration statement in CONTAINS section at (1)
simpson_mod.f95:18.44:

    real(kind=pr),intent(out):: h,x1,simpson,sum1,sum2
                                            1
Error: Symbol 'simpson' at (1) has already been host associated
simpson_mod.f95:19.21:

    h=(b-a)/(2*n*1.0)
                     1
Error: Unexpected assignment statement in CONTAINS section at (1)
simpson_mod.f95:20.10:

    sum1=0
          1
Error: Unexpected assignment statement in CONTAINS section at (1)
simpson_mod.f95:22.14:

    do k=1,n-1
              1
Error: Unexpected DO statement in CONTAINS section at (1)
simpson_mod.f95:23.17:

       x1=a+2*k*h
                 1
Error: Unexpected assignment statement in CONTAINS section at (1)
simpson_mod.f95:24.22:

       sum1=sum1+f(x1)
                      1
Error: Unexpected assignment statement in CONTAINS section at (1)
simpson_mod.f95:25.7:

    end do
       1
Error: Expecting END MODULE statement at (1)
simpson_mod.f95:26.10:

    sum2=0
          1
Error: Unexpected assignment statement in CONTAINS section at (1)
simpson_mod.f95:27.12:

    do k=1,n
            1
Error: Unexpected DO statement in CONTAINS section at (1)
simpson_mod.f95:28.21:

       x1=a+(2*k-1)*h
                     1
Error: Unexpected assignment statement in CONTAINS section at (1)
simpson_mod.f95:29.24:

       sum2=sum2 + f(x1)
                        1
Error: Unexpected assignment statement in CONTAINS section at (1)
simpson_mod.f95:30.7:

    end do
       1
Error: Expecting END MODULE statement at (1)
simpson_mod.f95:31.11:

    simpson = (h/3)*(f(a)+f(b)+2*sum1+4*sum2)
           1
Error: Symbol 'simpson' at (1) has already been host associated
simpson_mod.f95:32.5:

  end function simpson
     1
Error: Expecting END MODULE statement at (1)
simpson_mod.f95:9.2:

  function f (x)
  1
Error: Symbol at (1) is not a DUMMY variable
simpson_mod.f95:9.2:

  function f (x)
  1
Error: Symbol at (1) is not a DUMMY variable
simpson.f95:2.13:

  use simpson
             1
Fatal Error: Can't open module file 'simpson.mod' for reading at (1): No such file or directory
boscij@boscij-Inspiron-1545:~/Dropbox/3.Semester_DD/Programmieren/Fortran/pruefffff$  create mode 100755 u7/a16/a.out
No command 'create' found, did you mean:
 Command 'mcreate' from package 'lustre-utils' (universe)
create: command not found
boscij@boscij-Inspiron-1545:~/Dropbox/3.Semester_DD/Programmieren/Fortran/pruefffff$ f95 simpson_mod.f95 simpson.f95 -o simpson
simpson_mod.f95:9.2:

  function f (x)
  1
Error: Symbol at (1) is not a DUMMY variable
simpson_mod.f95:15.2:

  function simpson (n,a,b)
  1
Error: Symbol at (1) is not a DUMMY variable
simpson_mod.f95:18.33:

    real(kind=pr),intent(out):: h,x1,simpson,sum1,sum2
                                 1
Error: Symbol at (1) is not a DUMMY variable
simpson_mod.f95:22.8:

    do k=1,n-1
        1
Error: Symbol 'k' at (1) has no IMPLICIT type
simpson_mod.f95:15.2:

  function simpson (n,a,b)
  1
Error: Symbol at (1) is not a DUMMY variable
simpson_mod.f95:18.49:

    real(kind=pr),intent(out):: h,x1,simpson,sum1,sum2
                                                 1
Error: Symbol at (1) is not a DUMMY variable
simpson_mod.f95:18.54:

    real(kind=pr),intent(out):: h,x1,simpson,sum1,sum2
                                                      1
Error: Symbol at (1) is not a DUMMY variable
simpson_mod.f95:18.36:

    real(kind=pr),intent(out):: h,x1,simpson,sum1,sum2
                                    1
Error: Symbol at (1) is not a DUMMY variable
simpson_mod.f95:9.2:
o
  function f (x)
  1
Error: Symbol at (1) is not a DUMMY variable
simpson.f95:2.15:

  use simpson_m
               1
Fatal Error: Can't open module file 'simpson_m.mod' for reading at (1): No such file or directory
boscij@boscij-Inspiron-1545:~/Dropbox/3.Semester_DD/Programmieren/Fortran/pruefffff$   1
1: command not found
boscij@boscij-Inspiron-1545:~/Dropbox/3.Semester_DD/Programmieren/Fortran/pruefffff$ f95 simpson_mod.f95 simpson.f95 -o simpson
simpson_mod.f95:9.2:

  function f (x)
  1
Error: Symbol at (1) is not a DUMMY variable
simpson_mod.f95:4.23:

  public :: pr, simpson
                       1
Error: Symbol 'simpson' at (1) has no IMPLICIT type
simpson_mod.f95:9.2:

  function f (x)
  1
Error: Symbol at (1) is not a DUMMY variable
simpson.f95:2.15:

  use simpson_m
               1
Fatal Error: Can't open module file 'simpson_m.mod' for reading at (1): No such file or directory
boscij@boscij-Inspiron-1545:~/Dropbox/3.Semester_DD/Programmieren/Fortran/pruefffff$ f95 simpson_mod.f95 simpson.f95 -o simpson
simpson_mod.f95:9.2:

  function f (x)
  1
Error: Symbol at (1) is not a DUMMY variable
simpson_mod.f95:4.23:

  public :: pr, simpson
                       1
Error: Symbol 'simpson' at (1) has no IMPLICIT type
simpson_mod.f95:9.2:

  function f (x)
  1
Error: Symbol at (1) is not a DUMMY variable
simpson.f95:2.15:

  use simpson_m
               1
Fatal Error: Can't open module file 'simpson_m.mod' for reading at (1): No such file or directory
boscij@boscij-Inspiron-1545:~/Dropbox/3.Semester_DD/Programmieren/Fortran/pruefffff$   function f (x)
bash: syntax error near unexpected token `x'
boscij@boscij-Inspiron-1545:~/Dropbox/3.Semester_DD/Programmieren/Fortran/pruefffff$ f95 simpson_mod.f95 simpson.f95 -o simpson
simpson_mod.f95:9.2:

  function f (x)
  1
Error: Symbol at (1) is not a DUMMY variable
simpson_mod.f95:9.2:

  function f (x)
  1
Error: Symbol at (1) is not a DUMMY variable
simpson.f95:2.15:

  use simpson_m
               1
Fatal Error: Can't open module file 'simpson_m.mod' for reading at (1): No such file or directory
boscij@boscij-Inspiron-1545:~/Dropbox/3.Semester_DD/Programmieren/Fortran/pruefffff$ simpson_mod.f95:9.2:
simpson_mod.f95:9.2:: command not found
boscij@boscij-Inspiron-1545:~/Dropbox/3.Semester_DD/Programmieren/Fortran/pruefffff$ f95 simpson_mod.f95 simpson.f95 -o simpson
simpson_mod.f95:9.15:

  function f (x)
               1
Error: Symbol 'x' at (1) has no IMPLICIT type
simpson_mod.f95:9.2:

  function f (x)
  1
Error: Contained function 'f' at (1) has no IMPLICIT type
simpson.f95:2.15:

  use simpson_m
               1
Fatal Error: Can't open module file 'simpson_m.mod' for reading at (1): No such file or directory
boscij@boscij-Inspiron-1545:~/Dropbox/3.Semester_DD/Programmieren/Fortran/pruefffff$                1
1: command not found
boscij@boscij-Inspiron-1545:~/Dropbox/3.Semester_DD/Programmieren/Fortran/pruefffff$ f95 simpson_mod.f95 simpson.f95 -o simpson
simpson_mod.f95:9.2:

  function f (x)
    
Error: Contained function 'f' at (1) has no IMPLICIT type
simpson.f95:2.15:

  use simpson_m
               1
Fatal Error: Can't open module file 'simpson_m.mod' for reading at (1): No such file or directory
boscij@boscij-Inspiron-1545:~/Dropbox/3.Semester_DD/Programmieren/Fortran/pruefffff$     
boscij@boscij-Inspiron-1545:~/Dropbox/3.Semester_DD/Programmieren/Fortran/pruefffff$ f95 simpson_mod.f95 simpson.f95 -o simpson
simpson_mod.f95:9.2:

  function f (x)
  1
Error: Symbol at (1) is not a DUMMY variable
simpson_mod.f95:9.2:

  function f (x)
  1
Error: Symbol at (1) is not a DUMMY variable
simpson.f95:2.15:

  use simpson_m
               1
Fatal Error: Can't open module file 'simpson_m.mod' for reading at (1): No such file or directory
boscij@boscij-Inspiron-1545:~/Dropbox/3.Semester_DD/Programmieren/Fortran/pruefffff$   function f (x)
bash: syntax error near unexpected token `x'
boscij@boscij-Inspiron-1545:~/Dropbox/3.Semester_DD/Programmieren/Fortran/pruefffff$ f95 simpson_mod.f95 simpson.f95 -o simpson
simpson_mod.f95:9.2:

  function f (x)
  1
Error: Symbol at (1) is not a DUMMY variable
simpson_mod.f95:9.2:

  function f (x)
  1
Error: Symbol at (1) is not a DUMMY variable
simpson.f95:2.15:

  use simpson_m
               1
Fatal Error: Can't open module file 'simpson_m.mod' for reading at (1): No such file or directory
boscij@boscij-Inspiron-1545:~/Dropbox/3.Semester_DD/Programmieren/Fortran/pruefffff$   function f (x)
bash: syntax error near unexpected token `x'
boscij@boscij-Inspiron-1545:~/Dropbox/3.Semester_DD/Programmieren/Fortran/pruefffff$ f95 simpson_mod.f95 simpson.f95 -o simpson
simpson_mod.f95:9.2:

  function f (x)
  1
Error: Symbol at (1) is not a DUMMY variable
simpson_mod.f95:9.2:

  function f (x)
  1
Error: Symbol at (1) is not a DUMMY variable
simpson.f95:2.15:

  use simpson_m
               1
Fatal Error: Can't open module file 'simpson_m.mod' for reading at (1): No such file or directory
boscij@boscij-Inspiron-1545:~/Dropbox/3.Semester_DD/Programmieren/Fortran/pruefffff$ o
o: command not found
boscij@boscij-Inspiron-1545:~/Dropbox/3.Semester_DD/Programmieren/Fortran/pruefffff$ f95 simpson_mod.f95 simpson.f95 -o simpson
simpson_mod.f95:9.2:

  function f (x)
  1
Error: Symbol at (1) is not a DUMMY variable
simpson_mod.f95:9.2:

  function f (x)
  1
Error: Symbol at (1) is not a DUMMY variable
simpson.f95:2.15:

  use simpson_m
               1
Fatal Error: Can't open module file 'simpson_m.mod' for reading at (1): No such file or directory
boscij@boscij-Inspiron-1545:~/Dropbox/3.Semester_DD/Programmieren/Fortran/pruefffff$   1
1: command not found
boscij@boscij-Inspiron-1545:~/Dropbox/3.Semester_DD/Programmieren/Fortran/pruefffff$ f95 simpson_mod.f95 simpson.f95 -o simpson
boscij@boscij-Inspiron-1545:~/Dropbox/3.Semester_DD/Programmieren/Fortran/pruefffff$ 
boscij@boscij-Inspiron-1545:~/Dropbox/3.Semester_DD/Programmieren/Fortran/pruefffff$ f95 simpson_mod.f95 simpson.f95 -o simpson
boscij@boscij-Inspiron-1545:~/Dropbox/3.Semester_DD/Programmieren/Fortran/pruefffff$ f95 simpson_mod.f95 simpson.f95 -o simpson
simpson_mod.f95:9.2:

  function f (x)
  1
Error: Symbol at (1) is not a DUMMY variable
simpson_mod.f95:9.2:

  function f (x)
  1
Error: Symbol at (1) is not a DUMMY variable
simpson_mod.f95:12:

f=x
1
Error: Dummy argument 'f' with INTENT(IN) in variable definition context (assignment) at (1)
simpson.f95:2.15:

  use simpson_m
               1
Fatal Error: Can't open module file 'simpson_m.mod' for reading at (1): No such file or directory
boscij@boscij-Inspiron-1545:~/Dropbox/3.Semester_DD/Programmieren/Fortran/pruefffff$ Error: Symbol at (1) is not a DUMMY variable
bash: syntax error near unexpected token `('
boscij@boscij-Inspiron-1545:~/Dropbox/3.Semester_DD/Programmieren/Fortran/pruefffff$ f95 simpson_mod.f95 simpson.f95 -o simpson
simpson_mod.f95:9.2:

  function f (x)
  1
Error: Symbol at (1) is not a DUMMY variable
simpson_mod.f95:9.2:

  function f (x)
  1
Error: Symbol at (1) is not a DUMMY variable
simpson.f95:2.15:

  use simpson_m
               1
Fatal Error: Can't open module file 'simpson_m.mod' for reading at (1): No such file or directory
boscij@boscij-Inspiron-1545:~/Dropbox/3.Semester_DD/Programmieren/Fortran/pruefffff$ f95 simpson_mod.f95 simpson.f95 -o simpson
simpson_mod.f95:9.2:

  function f (x)
  1
Error: Symbol at (1) is not a DUMMY variable
simpson_mod.f95:9.2:

  function f (x)
  1
Error: Symbol at (1) is not a DUMMY variable
simpson_mod.f95:12:

f=x
1
Error: Dummy argument 'f' with INTENT(IN) in variable definition context (assignment) at (1)
simpson.f95:2.15:

  use simpson_m
               1
Fatal Error: Can't open module file 'simpson_m.mod' for reading at (1): No such file or directory
boscij@boscij-Inspiron-1545:~/Dropbox/3.Semester_DD/Programmieren/Fortran/pruefffff$ f95 simpson_mod.f95 simpson.f95 -o simpson
boscij@boscij-Inspiron-1545:~/Dropbox/3.Semester_DD/Programmieren/Fortran/pruefffff$ f95 simpson_mod.f95 simpson.f95 -o simpson
simpson_mod.f95:17.2:

  function simpson (n,a,b)
  1
Error: Symbol at (1) is not a DUMMY variable
simpson_mod.f95:20.33:

    real(kind=pr),intent(out):: h,x1,simpson,sum1,sum2
                                 1
Error: Symbol at (1) is not a DUMMY variable
simpson_mod.f95:24.8:

    do k=1,n-1
        1
Error: Symbol 'k' at (1) has no IMPLICIT type
simpson_mod.f95:17.2:

  function simpson (n,a,b)
  1
Error: Symbol at (1) is not a DUMMY variable
simpson_mod.f95:20.49:

    real(kind=pr),intent(out):: h,x1,simpson,sum1,sum2
                                                 1
Error: Symbol at (1) is not a DUMMY variable
simpson_mod.f95:20.54:

    real(kind=pr),intent(out):: h,x1,simpson,sum1,sum2
                                                      1
Error: Symbol at (1) is not a DUMMY variable
simpson_mod.f95:20.36:

    real(kind=pr),intent(out):: h,x1,simpson,sum1,sum2
                                    1
Error: Symbol at (1) is not a DUMMY variable
simpson.f95:2.15:

  use simpson_m
               1
Fatal Error: Can't open module file 'simpson_m.mod' for reading at (1): No such file or directory
boscij@boscij-Inspiron-1545:~/Dropbox/3.Semester_DD/Programmieren/Fortran/pruefffff$ 
boscij@boscij-Inspiron-1545:~/Dropbox/3.Semester_DD/Programmieren/Fortran/pruefffff$ f95 simpson_mod.f95 simpson.f95 -o simpson
simpson_mod.f95:24.8:

    do k=1,n-1
        1
Error: Symbol 'k' at (1) has no IMPLICIT type
simpson.f95:2.15:

  use simpson_m
               1
Fatal Error: Can't open module file 'simpson_m.mod' for reading at (1): No such file or directory
boscij@boscij-Inspiron-1545:~/Dropbox/3.Semester_DD/Programmieren/Fortran/pruefffff$ f95 simpson_mod.f95 simpson.f95 -o simpson
boscij@boscij-Inspiron-1545:~/Dropbox/3.Semester_DD/Programmieren/Fortran/pruefffff$ f95 simpson_mod.f95 simpson.f95 -o simpson
simpson.f95:9.6:

  do i=0,10**4
      1
Error: Symbol 'i' at (1) has no IMPLICIT type
boscij@boscij-Inspiron-1545:~/Dropbox/3.Semester_DD/Programmieren/Fortran/pruefffff$ f95 simpson_mod.f95 simpson.f95 -o simpson
simpson.f95:10.57:

     epsilon2=abs(sim-simpson(n_0+i*k,a,b))/(abs(simpson(n_0+i*k,a,b)))
                                                         1
Error: Type mismatch in argument 'n' at (1); passed REAL(8) to INTEGER(4)
simpson.f95:10.30:

     epsilon2=abs(sim-simpson(a,b,n_0+i*k))/(abs(simpson(a,b,n_0+i*k)))
                              1
Error: Type mismatch in argument 'n' at (1); passed REAL(8) to INTEGER(4)
boscij@boscij-Inspiron-1545:~/Dropbox/3.Semester_DD/Programmieren/Fortran/pruefffff$                                                          1
1: command not found
boscij@boscij-Inspiron-1545:~/Dropbox/3.Semester_DD/Programmieren/Fortran/pruefffff$ f95 simpson_mod.f95 simpson.f95 -o simpson
boscij@boscij-Inspiron-1545:~/Dropbox/3.Semester_DD/Programmieren/Fortran/pruefffff$ f95 simpson_mod.f95 simpson.f95 -o simpson
boscij@boscij-Inspiron-1545:~/Dropbox/3.Semester_DD/Programmieren/Fortran/pruefffff$ ./simpson
 sachen eingeben
1
2
2
2
0.01
 ganze Zeug   1.0000000000000000     
 ganze Zeug   1.0000000000000000     
 ganze Zeug   1.0000000000000000     
 ganze Zeug   1.0000000000000000     
 ganze Zeug   1.0000000000000000     
 ganze Zeug   1.0000000000000000     
 ganze Zeug   1.0000000000000000     
 ganze Zeug   1.0000000000000000     
 ganze Zeug   1.0000000000000000     
 ganze Zeug   1.0000000000000000     
 ganze Zeug   1.0000000000000000     
 ganze Zeug   1.0000000000000000     
 ganze Zeug   1.0000000000000000     
 ganze Zeug   1.0000000000000000     
 ganze Zeug   1.0000000000000000     
 ganze Zeug   1.0000000000000000     
 ganze Zeug   1.0000000000000000     
 ganze Zeug   1.0000000000000000     
 ganze Zeug   1.0000000000000000     
 ganze Zeug   1.0000000000000000     
 ganze Zeug   1.0000000000000000     
 ganze Zeug   1.0000000000000000     
 ganze Zeug   1.0000000000000000     
 ganze Zeug   1.0000000000000000     
 ganze Zeug   1.0000000000000000     
 ganze Zeug   1.0000000000000000     
 ganze Zeug   1.0000000000000000     
 ganze Zeug   1.0000000000000000     
 ganze Zeug   1.0000000000000000     
 ganze Zeug   1.0000000000000000     
 ganze Zeug   1.0000000000000000     
 ganze Zeug   1.0000000000000000     
 ganze Zeug   1.0000000000000000     
 ganze Zeug   1.0000000000000000     
 ganze Zeug   1.0000000000000000     
 ganze Zeug   1.0000000000000000     
 ganze Zeug   1.0000000000000000     
 ganze Zeug   1.0000000000000000     
 ganze Zeug   1.0000000000000000     
 ganze Zeug   1.0000000000000000     
 ganze Zeug   1.0000000000000000     
 ganze Zeug   1.0000000000000000     
 ganze Zeug   1.0000000000000000     
 ganze Zeug   1.0000000000000000     
 ganze Zeug   1.0000000000000000     
 ganze Zeug   1.0000000000000000     
 ganze Zeug   1.0000000000000000     
 ganze Zeug   1.0000000000000000     
 ganze Zeug   1.0000000000000000     
 ganze Zeug   1.0000000000000000     
 ganze Zeug   1.0000000000000000     
 ganze Zeug   1.0000000000000000     
 ganze Zeug   1.0000000000000000     
 ganze Zeug   1.0000000000000000     
 ganze Zeug   1.0000000000000000     
 ganze Zeug   1.0000000000000000     
 ganze Zeug   1.0000000000000000     
 ganze Zeug   1.0000000000000000     
 ganze Zeug   1.0000000000000000     
 ganze Zeug   1.0000000000000000     
 ganze Zeug   1.0000000000000000     
 ganze Zeug   1.0000000000000000     
 ganze Zeug   1.0000000000000000     
 ganze Zeug   1.0000000000000000     
 ganze Zeug   1.0000000000000000     
 ganze Zeug   1.0000000000000000     
 ganze Zeug   1.0000000000000000     
 ganze Zeug   1.0000000000000000     
 ganze Zeug   1.0000000000000000     
 ganze Zeug   1.0000000000000000     
 ganze Zeug   1.0000000000000000     
 ganze Zeug   1.0000000000000000     
 ganze Zeug   1.0000000000000000     
 ganze Zeug   1.0000000000000000     
 ganze Zeug   1.0000000000000000     
 ganze Zeug   1.0000000000000000     
 ganze Zeug   1.0000000000000000     
 ganze Zeug   1.0000000000000000     
 ganze Zeug   1.0000000000000000     
 ganze Zeug   1.0000000000000000     
 ganze Zeug   1.0000000000000000     
 ganze Zeug   1.0000000000000000     
 ganze Zeug   1.0000000000000000     
 ganze Zeug   1.0000000000000000     
 ganze Zeug   1.0000000000000000     
 ganze Zeug   1.0000000000000000     
 ganze Zeug   1.0000000000000000     
 ganze Zeug   1.0000000000000000     
 ganze Zeug   1.0000000000000000     
 ganze Zeug   1.0000000000000000     
 ganze Zeug   1.0000000000000000     
 ganze Zeug   1.0000000000000000     
 ganze Zeug   1.0000000000000000     
 ganze Zeug   1.0000000000000000     
 ganze Zeug   1.0000000000000000     
 ganze Zeug   1.0000000000000000     
 ganze Zeug   1.0000000000000000     
 ganze Zeug   1.0000000000000000     
 ganze Zeug   1.0000000000000000     
 ganze Zeug   1.0000000000000000     
 ganze Zeug   1.0000000000000000     
 ganze Zeug   1.0000000000000000     
 ganze Zeug   1.0000000000000000     
 ganze Zeug   1.0000000000000000     
 ganze Zeug   1.0000000000000000     
 ganze Zeug   1.0000000000000000     
 ganze Zeug   1.0000000000000000     
 ganze Zeug   1.0000000000000000     
 ganze Zeug   1.0000000000000000     
 ganze Zeug   1.0000000000000000     
 ganze Zeug   1.0000000000000000     
 ganze Zeug   1.0000000000000000     
 ganze Zeug   1.0000000000000000     
 ganze Zeug   1.0000000000000000     
 ganze Zeug   1.0000000000000000     
 ganze Zeug   1.0000000000000000     
 ganze Zeug   1.0000000000000000     
 ganze Zeug   1.0000000000000000     
 ganze Zeug   1.0000000000000000     
 ganze Zeug   1.0000000000000000     
 ganze Zeug   1.0000000000000000     
 ganze Zeug   1.0000000000000000     
 ganze Zeug   1.0000000000000000     
 ganze Zeug   1.0000000000000000     
 ganze Zeug   1.0000000000000000     
 ganze Zeug   1.0000000000000000     
 ganze Zeug   1.0000000000000000     
 ganze Zeug   1.0000000000000000     
 ganze Zeug   1.0000000000000000     
 ganze Zeug   1.0000000000000000     
 ganze Zeug   1.0000000000000000     
 ganze Zeug   1.0000000000000000     
 ganze Zeug   1.0000000000000000     
 ganze Zeug   1.0000000000000000     
 ganze Zeug   1.0000000000000000     
 ganze Zeug   1.0000000000000000     
 ganze Zeug   1.0000000000000000     
 ganze Zeug   1.0000000000000000     
 ganze Zeug   1.0000000000000000     
 ganze Zeug   1.0000000000000000     
 ganze Zeug   1.0000000000000000     
 ganze Zeug   1.0000000000000000     
 ganze Zeug   1.0000000000000000     
 ganze Zeug   1.0000000000000000     
 ganze Zeug   1.0000000000000000     
 ganze Zeug   1.0000000000000000     
 ganze Zeug   1.0000000000000000     
 ganze Zeug   1.0000000000000000     
 ganze Zeug   1.0000000000000000     
 ganze Zeug   1.0000000000000000     
 ganze Zeug   1.0000000000000000     
 ganze Zeug   1.0000000000000000     
 ganze Zeug   1.0000000000000000     
 ganze Zeug   1.0000000000000000     
 ganze Zeug   1.0000000000000000     
 ganze Zeug   1.0000000000000000     
 ganze Zeug   1.0000000000000000     
 ganze Zeug   1.0000000000000000     
 ganze Zeug   1.0000000000000000     
 ganze Zeug   1.0000000000000000     
 ganze Zeug   1.0000000000000000     
 ganze Zeug   1.0000000000000000     
 ganze Zeug   1.0000000000000000     
 ganze Zeug   1.0000000000000000     
 ganze Zeug   1.0000000000000000     
 ganze Zeug   1.0000000000000000     
 ganze Zeug   1.0000000000000000     
 ganze Zeug   1.0000000000000000     
 ganze Zeug   1.0000000000000000     
 ganze Zeug   1.0000000000000000     
 ganze Zeug   1.0000000000000000     
 ganze Zeug   1.0000000000000000     
 ganze Zeug   1.0000000000000000     
 ganze Zeug   1.0000000000000000     
 ganze Zeug   1.0000000000000000     
 ganze Zeug   1.0000000000000000     
 ganze Zeug   1.0000000000000000     
 ganze Zeug   1.0000000000000000     
 ganze Zeug   1.0000000000000000     
 ganze Zeug   1.0000000000000000     
 ganze Zeug   1.0000000000000000     
 ganze Zeug   1.0000000000000000     
 ganze Zeug   1.0000000000000000     
 ganze Zeug   1.0000000000000000     
 ganze Zeug   1.0000000000000000     
 ganze Zeug   1.0000000000000000     
 ganze Zeug   1.0000000000000000     
 ganze Zeug   1.0000000000000000     
 ganze Zeug   1.0000000000000000     
 ganze Zeug   1.0000000000000000     
 ganze Zeug   1.0000000000000000     
 ganze Zeug   1.0000000000000000     
 ganze Zeug   1.0000000000000000     
 ganze Zeug   1.0000000000000000     
 ganze Zeug   1.0000000000000000     
 ganze Zeug   1.0000000000000000     
 ganze Zeug   1.0000000000000000     
 ganze Zeug   1.0000000000000000     
 ganze Zeug   1.0000000000000000     
 ganze Zeug   1.0000000000000000     
 ganze Zeug   1.0000000000000000     
 ganze Zeug   1.0000000000000000     
 ganze Zeug   1.0000000000000000     
 ganze Zeug   1.0000000000000000     
 ganze Zeug   1.0000000000000000     
 ganze Zeug   1.0000000000000000     
 ganze Zeug   1.0000000000000000     
 ganze Zeug   1.0000000000000000     
 ganze Zeug   1.0000000000000000     
 ganze Zeug   1.0000000000000000     
 ganze Zeug   1.0000000000000000     
 ganze Zeug   1.0000000000000000     
 ganze Zeug   1.0000000000000000     
 ganze Zeug   1.0000000000000000     
 ganze Zeug   1.0000000000000000     
 ganze Zeug   1.0000000000000000     
 ganze Zeug   1.0000000000000000     
 ganze Zeug   1.0000000000000000     
 ganze Zeug   1.0000000000000000     
 ganze Zeug   1.0000000000000000     
 ganze Zeug   1.0000000000000000     
 ganze Zeug   1.0000000000000000     
 ganze Zeug   1.0000000000000000     
 ganze Zeug   1.0000000000000000     
 ganze Zeug   1.0000000000000000     
 ganze Zeug   1.0000000000000000     
 ganze Zeug   1.0000000000000000     
 ganze Zeug   1.0000000000000000     
 ganze Zeug   1.0000000000000000     
 ganze Zeug   1.0000000000000000     
 ganze Zeug   1.0000000000000000     
 ganze Zeug   1.0000000000000000     
 ganze Zeug   1.0000000000000000     
 ganze Zeug   1.0000000000000000     
 ganze Zeug   1.0000000000000000     
 ganze Zeug   1.0000000000000000     
 ganze Zeug   1.0000000000000000     
 ganze Zeug   1.0000000000000000     
 ganze Zeug   1.0000000000000000     
 ganze Zeug   1.0000000000000000     
 ganze Zeug   1.0000000000000000     
 ganze Zeug   1.0000000000000000     
 ganze Zeug   1.0000000000000000     
 ganze Zeug   1.0000000000000000     
 ganze Zeug   1.0000000000000000     
 ganze Zeug   1.0000000000000000     
 ganze Zeug   1.0000000000000000     
 ganze Zeug   1.0000000000000000     
 ganze Zeug   1.0000000000000000     
 ganze Zeug   1.0000000000000000     
 ganze Zeug   1.0000000000000000     
 ganze Zeug   1.0000000000000000     
 ganze Zeug   1.0000000000000000     
 ganze Zeug   1.0000000000000000     
 ganze Zeug   1.0000000000000000     
 ganze Zeug   1.0000000000000000     
 ganze Zeug   1.0000000000000000     
 ganze Zeug   1.0000000000000000     
 ganze Zeug   1.0000000000000000     
 ganze Zeug   1.0000000000000000     
 ganze Zeug   1.0000000000000000     
 ganze Zeug   1.0000000000000000     
 ganze Zeug   1.0000000000000000     
 ganze Zeug   1.0000000000000000     
 ganze Zeug   1.0000000000000000     
 ganze Zeug   1.0000000000000000     
 ganze Zeug   1.0000000000000000     
 ganze Zeug   1.0000000000000000     
 ganze Zeug   1.0000000000000000     
 ganze Zeug   1.0000000000000000     
 ganze Zeug   1.0000000000000000     
 ganze Zeug   1.0000000000000000     
 ganze Zeug   1.0000000000000000     
 ganze Zeug   1.0000000000000000     
 ganze Zeug   1.0000000000000000     
 ganze Zeug   1.0000000000000000     
 ganze Zeug   1.0000000000000000     
 ganze Zeug   1.0000000000000000     
 ganze Zeug   1.0000000000000000     
 ganze Zeug   1.0000000000000000     
 ganze Zeug   1.0000000000000000     
 ganze Zeug   1.0000000000000000     
 ganze Zeug   1.0000000000000000     
 ganze Zeug   1.0000000000000000     
 ganze Zeug   1.0000000000000000     
 ganze Zeug   1.0000000000000000     
 ganze Zeug   1.0000000000000000     
 ganze Zeug   1.0000000000000000     
 ganze Zeug   1.0000000000000000     
 ganze Zeug   1.0000000000000000     
 ganze Zeug   1.0000000000000000     
 ganze Zeug   1.0000000000000000     
 ganze Zeug   1.0000000000000000     
 ganze Zeug   1.0000000000000000     
 ganze Zeug   1.0000000000000000     
 ganze Zeug   1.0000000000000000     
 ganze Zeug   1.0000000000000000     
 ganze Zeug   1.0000000000000000     
 ganze Zeug   1.0000000000000000     
 ganze Zeug   1.0000000000000000     
 ganze Zeug   1.0000000000000000     
 ganze Zeug   1.0000000000000000     
 ganze Zeug   1.0000000000000000     
 ganze Zeug   1.0000000000000000     
 ganze Zeug   1.0000000000000000     
 ganze Zeug   1.0000000000000000     
 ganze Zeug   1.0000000000000000     
 ganze Zeug   1.0000000000000000     
 ganze Zeug   1.0000000000000000     
 ganze Zeug   1.0000000000000000     
 ganze Zeug   1.0000000000000000     
 ganze Zeug   1.0000000000000000     
 ganze Zeug   1.0000000000000000     
 ganze Zeug   1.0000000000000000     
 ganze Zeug   1.0000000000000000     
 ganze Zeug   1.0000000000000000     
 ganze Zeug   1.0000000000000000     
 ganze Zeug   1.0000000000000000     
 ganze Zeug   1.0000000000000000     
 ganze Zeug   1.0000000000000000     
 ganze Zeug   1.0000000000000000     
 ganze Zeug   1.0000000000000000     
 ganze Zeug   1.0000000000000000     
 ganze Zeug   1.0000000000000000     
 ganze Zeug   1.0000000000000000     
 ganze Zeug   1.0000000000000000     
 ganze Zeug   1.0000000000000000     
 ganze Zeug   1.0000000000000000     
 ganze Zeug   1.0000000000000000     
 ganze Zeug   1.0000000000000000     
 ganze Zeug   1.0000000000000000     
 ganze Zeug   1.0000000000000000     
 ganze Zeug   1.0000000000000000     
 ganze Zeug   1.0000000000000000     
 ganze Zeug   1.0000000000000000     
 ganze Zeug   1.0000000000000000     
 ganze Zeug   1.0000000000000000     
 ganze Zeug   1.0000000000000000     
 ganze Zeug   1.0000000000000000     
 ganze Zeug   1.0000000000000000     
 ganze Zeug   1.0000000000000000     
 ganze Zeug   1.0000000000000000     
 ganze Zeug   1.0000000000000000     
 ganze Zeug   1.0000000000000000     
 ganze Zeug   1.0000000000000000     
 ganze Zeug   1.0000000000000000     
 ganze Zeug   1.0000000000000000     
 ganze Zeug   1.0000000000000000     
 ganze Zeug   1.0000000000000000     
 ganze Zeug   1.0000000000000000     
 ganze Zeug   1.0000000000000000     
 ganze Zeug   1.0000000000000000     
 ganze Zeug   1.0000000000000000     
 ganze Zeug   1.0000000000000000     
 ganze Zeug   1.0000000000000000     
 ganze Zeug   1.0000000000000000     
 ganze Zeug   1.0000000000000000     
 ganze Zeug   1.0000000000000000     
 ganze Zeug   1.0000000000000000     
 ganze Zeug   1.0000000000000000     
 ganze Zeug   1.0000000000000000     
 ganze Zeug   1.0000000000000000     
 ganze Zeug   1.0000000000000000     
 ganze Zeug   1.0000000000000000     
 ganze Zeug   1.0000000000000000     
 ganze Zeug   1.0000000000000000     
 ganze Zeug   1.0000000000000000     
 ganze Zeug   1.0000000000000000     
 ganze Zeug   1.0000000000000000     
 ganze Zeug   1.0000000000000000     
 ganze Zeug   1.0000000000000000     
 ganze Zeug   1.0000000000000000     
 ganze Zeug   1.0000000000000000     
 ganze Zeug   1.0000000000000000     
 ganze Zeug   1.0000000000000000     
 ganze Zeug   1.0000000000000000     
 ganze Zeug   1.0000000000000000     
 ganze Zeug   1.0000000000000000     
 ganze Zeug   1.0000000000000000     
 ganze Zeug   1.0000000000000000     
 ganze Zeug   1.0000000000000000     
 ganze Zeug   1.0000000000000000     
 ganze Zeug   1.0000000000000000     
 ganze Zeug   1.0000000000000000     
 ganze Zeug   1.0000000000000000     
 ganze Zeug   1.0000000000000000     
 ganze Zeug   1.0000000000000000     
 ganze Zeug   1.0000000000000000     
 ganze Zeug   1.0000000000000000     
 ganze Zeug   1.0000000000000000     
 ganze Zeug   1.0000000000000000     
 ganze Zeug   1.0000000000000000     
 ganze Zeug   1.0000000000000000     
 ganze Zeug   1.0000000000000000     
 ganze Zeug   1.0000000000000000     
 ganze Zeug   1.0000000000000000     
 ganze Zeug   1.0000000000000000     
 ganze Zeug   1.0000000000000000     
 ganze Zeug   1.0000000000000000     
 ganze Zeug   1.0000000000000000     
 ganze Zeug   1.0000000000000000     
 ganze Zeug   1.0000000000000000     
 ganze Zeug   1.0000000000000000     
 ganze Zeug   1.0000000000000000     
 ganze Zeug   1.0000000000000000     
 ganze Zeug   1.0000000000000000     
 ganze Zeug   1.0000000000000000     
 ganze Zeug   1.0000000000000000     
 ganze Zeug   1.0000000000000000     
 ganze Zeug   1.0000000000000000     
 ganze Zeug   1.0000000000000000     
 ganze Zeug   1.0000000000000000     
 ganze Zeug   1.0000000000000000     
 ganze Zeug   1.0000000000000000     
 ganze Zeug   1.0000000000000000     
 ganze Zeug   1.0000000000000000     
 ganze Zeug   1.0000000000000000     
 ganze Zeug   1.0000000000000000     
 ganze Zeug   1.0000000000000000     
 ganze Zeug   1.0000000000000000     
 ganze Zeug   1.0000000000000000     
 ganze Zeug   1.0000000000000000     
 ganze Zeug   1.0000000000000000     
 ganze Zeug   1.0000000000000000     
 ganze Zeug   1.0000000000000000     
 ganze Zeug   1.0000000000000000     
 ganze Zeug   1.0000000000000000     
 ganze Zeug   1.0000000000000000     
 ganze Zeug   1.0000000000000000     
 ganze Zeug   1.0000000000000000     
 ganze Zeug   1.0000000000000000     
 ganze Zeug   1.0000000000000000     
 ganze Zeug   1.0000000000000000     
 ganze Zeug   1.0000000000000000     
 ganze Zeug   1.0000000000000000     
 ganze Zeug   1.0000000000000000     
 ganze Zeug   1.0000000000000000     
 ganze Zeug   1.0000000000000000     
 ganze Zeug   1.0000000000000000     
 ganze Zeug   1.0000000000000000     
 ganze Zeug   1.0000000000000000     
 ganze Zeug   1.0000000000000000     
 ganze Zeug   1.0000000000000000     
 ganze Zeug   1.0000000000000000     
 ganze Zeug   1.0000000000000000     
 ganze Zeug   1.0000000000000000     
 ganze Zeug   1.0000000000000000     
 ganze Zeug   1.0000000000000000     
 ganze Zeug   1.0000000000000000     
 ganze Zeug   1.0000000000000000     
 ganze Zeug   1.0000000000000000     
 ganze Zeug   1.0000000000000000     
 ganze Zeug   1.0000000000000000     
 ganze Zeug   1.0000000000000000     
 ganze Zeug   1.0000000000000000     
 ganze Zeug   1.0000000000000000     
 ganze Zeug   1.0000000000000000     
 ganze Zeug   1.0000000000000000     
 ganze Zeug   1.0000000000000000     
 ganze Zeug   1.0000000000000000     
 ganze Zeug   1.0000000000000000     
 ganze Zeug   1.0000000000000000     
 ganze Zeug   1.0000000000000000     
 ganze Zeug   1.0000000000000000     
 ganze Zeug   1.0000000000000000     
 ganze Zeug   1.0000000000000000     
 ganze Zeug   1.0000000000000000     
 ganze Zeug   1.0000000000000000     
 ganze Zeug   1.0000000000000000     
 ganze Zeug   1.0000000000000000     
 ganze Zeug   1.0000000000000000     
 ganze Zeug   1.0000000000000000     
 ganze Zeug   1.0000000000000000     
 ganze Zeug   1.0000000000000000     
 ganze Zeug   1.0000000000000000     
 ganze Zeug   1.0000000000000000     
 ganze Zeug   1.0000000000000000     
 ganze Zeug   1.0000000000000000     
 ganze Zeug   1.0000000000000000     
 ganze Zeug   1.0000000000000000     
 ganze Zeug   1.0000000000000000     
 ganze Zeug   1.0000000000000000     
 ganze Zeug   1.0000000000000000     
 ganze Zeug   1.0000000000000000     
 ganze Zeug   1.0000000000000000     
 ganze Zeug   1.0000000000000000     
 ganze Zeug   1.0000000000000000     
 ganze Zeug   1.0000000000000000     
 ganze Zeug   1.0000000000000000     
 ganze Zeug   1.0000000000000000     
 ganze Zeug   1.0000000000000000     
 ganze Zeug   1.0000000000000000     
 ganze Zeug   1.0000000000000000     
 ganze Zeug   1.0000000000000000     
 ganze Zeug   1.0000000000000000     
 ganze Zeug   1.0000000000000000     
 ganze Zeug   1.0000000000000000     
 ganze Zeug   1.0000000000000000     
 ganze Zeug   1.0000000000000000     
 ganze Zeug   1.0000000000000000     
 ganze Zeug   1.0000000000000000     
 ganze Zeug   1.0000000000000000     
 ganze Zeug   1.0000000000000000     
 ganze Zeug   1.0000000000000000     
 ganze Zeug   1.0000000000000000     
 ganze Zeug   1.0000000000000000     
 ganze Zeug   1.0000000000000000     
 ganze Zeug   1.0000000000000000     
 ganze Zeug   1.0000000000000000     
 ganze Zeug   1.0000000000000000     
 ganze Zeug   1.0000000000000000     
 ganze Zeug   1.0000000000000000     
 ganze Zeug   1.0000000000000000     
 ganze Zeug   1.0000000000000000     
 ganze Zeug   1.0000000000000000     
 ganze Zeug   1.0000000000000000     
 ganze Zeug   1.0000000000000000     
 ganze Zeug   1.0000000000000000     
 ganze Zeug   1.0000000000000000     
 ganze Zeug   1.0000000000000000     
 ganze Zeug   1.0000000000000000     
 ganze Zeug   1.0000000000000000     
 ganze Zeug   1.0000000000000000     
 ganze Zeug   1.0000000000000000     
 ganze Zeug   1.0000000000000000     
 ganze Zeug   1.0000000000000000     
 ganze Zeug   1.0000000000000000     
 ganze Zeug   1.0000000000000000     
 ganze Zeug   1.0000000000000000     
 ganze Zeug   1.0000000000000000     
 ganze Zeug   1.0000000000000000     
 ganze Zeug   1.0000000000000000     
 ganze Zeug   1.0000000000000000     
 ganze Zeug   1.0000000000000000     
 ganze Zeug   1.0000000000000000     
 ganze Zeug   1.0000000000000000     
 ganze Zeug   1.0000000000000000     
 ganze Zeug   1.0000000000000000     
 ganze Zeug   1.0000000000000000     
 ganze Zeug   1.0000000000000000     
 ganze Zeug   1.0000000000000000     
 ganze Zeug   1.0000000000000000     
 ganze Zeug   1.0000000000000000     
 ganze Zeug   1.0000000000000000     
 ganze Zeug   1.0000000000000000     
 ganze Zeug   1.0000000000000000     
 ganze Zeug   1.0000000000000000     
 ganze Zeug   1.0000000000000000     
 ganze Zeug   1.0000000000000000     
 ganze Zeug   1.0000000000000000     
 ganze Zeug   1.0000000000000000     
 ganze Zeug   1.0000000000000000     
 ganze Zeug   1.0000000000000000     
 ganze Zeug   1.0000000000000000     
 ganze Zeug   1.0000000000000000     
 ganze Zeug   1.0000000000000000     
 ganze Zeug   1.0000000000000000     
 ganze Zeug   1.0000000000000000     
 ganze Zeug   1.0000000000000000     
 ganze Zeug   1.0000000000000000     
 ganze Zeug   1.0000000000000000     
 ganze Zeug   1.0000000000000000     
 ganze Zeug   1.0000000000000000     
 ganze Zeug   1.0000000000000000     
 ganze Zeug   1.0000000000000000     
 ganze Zeug   1.0000000000000000     
 ganze Zeug   1.0000000000000000     
 ganze Zeug   1.0000000000000000     
 ganze Zeug   1.0000000000000000     
 ganze Zeug   1.0000000000000000     
 ganze Zeug   1.0000000000000000     
 ganze Zeug   1.0000000000000000     
 ganze Zeug   1.0000000000000000     
 ganze Zeug   1.0000000000000000     
 ganze Zeug   1.0000000000000000     
 ganze Zeug   1.0000000000000000     
 ganze Zeug   1.0000000000000000     
 ganze Zeug   1.0000000000000000     
 ganze Zeug   1.0000000000000000     
 ganze Zeug   1.0000000000000000     
 ganze Zeug   1.0000000000000000     
 ganze Zeug   1.0000000000000000     
 ganze Zeug   1.0000000000000000     
 ganze Zeug   1.0000000000000000     
 ganze Zeug   1.0000000000000000     
 ganze Zeug   1.0000000000000000     
 ganze Zeug   1.0000000000000000     
 ganze Zeug   1.0000000000000000     
 ganze Zeug   1.0000000000000000     
 ganze Zeug   1.0000000000000000     
 ganze Zeug   1.0000000000000000     
 ganze Zeug   1.0000000000000000     
 ganze Zeug   1.0000000000000000     
 ganze Zeug   1.0000000000000000     
 ganze Zeug   1.0000000000000000     
 ganze Zeug   1.0000000000000000     
 ganze Zeug   1.0000000000000000     
 ganze Zeug   1.0000000000000000     
 ganze Zeug   1.0000000000000000     
 ganze Zeug   1.0000000000000000     
 ganze Zeug   1.0000000000000000     
 ganze Zeug   1.0000000000000000     
 ganze Zeug   1.0000000000000000     
 ganze Zeug   1.0000000000000000     
 ganze Zeug   1.0000000000000000     
 ganze Zeug   1.0000000000000000     
 ganze Zeug   1.0000000000000000     
 ganze Zeug   1.0000000000000000     
 ganze Zeug   1.0000000000000000     
 ganze Zeug   1.0000000000000000     
 ganze Zeug   1.0000000000000000     
 ganze Zeug   1.0000000000000000     
 ganze Zeug   1.0000000000000000     
 ganze Zeug   1.0000000000000000     
 ganze Zeug   1.0000000000000000     
 ganze Zeug   1.0000000000000000     
 ganze Zeug   1.0000000000000000     
 ganze Zeug   1.0000000000000000     
 ganze Zeug   1.0000000000000000     
 ganze Zeug   1.0000000000000000     
 ganze Zeug   1.0000000000000000     
 ganze Zeug   1.0000000000000000     
 ganze Zeug   1.0000000000000000     
 ganze Zeug   1.0000000000000000     
 ganze Zeug   1.0000000000000000     
 ganze Zeug   1.0000000000000000     
 ganze Zeug   1.0000000000000000     
 ganze Zeug   1.0000000000000000     
 ganze Zeug   1.0000000000000000     
 ganze Zeug   1.0000000000000000     
 ganze Zeug   1.0000000000000000     
 ganze Zeug   1.0000000000000000     
 ganze Zeug   1.0000000000000000     
 ganze Zeug   1.0000000000000000     
 ganze Zeug   1.0000000000000000     
 ganze Zeug   1.0000000000000000     
 ganze Zeug   1.0000000000000000     
 ganze Zeug   1.0000000000000000     
 ganze Zeug   1.0000000000000000     
 ganze Zeug   1.0000000000000000     
 ganze Zeug   1.0000000000000000     
 ganze Zeug   1.0000000000000000     
 ganze Zeug   1.0000000000000000     
 ganze Zeug   1.0000000000000000     
 ganze Zeug   1.0000000000000000     
 ganze Zeug   1.0000000000000000     
 ganze Zeug   1.0000000000000000     
 ganze Zeug   1.0000000000000000     
 ganze Zeug   1.0000000000000000     
 ganze Zeug   1.0000000000000000     
 ganze Zeug   1.0000000000000000     
 ganze Zeug   1.0000000000000000     
 ganze Zeug   1.0000000000000000     
 ganze Zeug   1.0000000000000000     
 ganze Zeug   1.0000000000000000     
 ganze Zeug   1.0000000000000000     
 ganze Zeug   1.0000000000000000     
 ganze Zeug   1.0000000000000000     
 ganze Zeug   1.0000000000000000     
 ganze Zeug   1.0000000000000000     
 ganze Zeug   1.0000000000000000     
 ganze Zeug   1.0000000000000000     
 ganze Zeug   1.0000000000000000     
 ganze Zeug   1.0000000000000000     
 ganze Zeug   1.0000000000000000     
 ganze Zeug   1.0000000000000000     
 ganze Zeug   1.0000000000000000     
 ganze Zeug   1.0000000000000000     
 ganze Zeug   1.0000000000000000     
 ganze Zeug   1.0000000000000000     
 ganze Zeug   1.0000000000000000     
 ganze Zeug   1.0000000000000000     
 ganze Zeug   1.0000000000000000     
 ganze Zeug   1.0000000000000000     
 ganze Zeug   1.0000000000000000     
 ganze Zeug   1.0000000000000000     
 ganze Zeug   1.0000000000000000     
 ganze Zeug   1.0000000000000000     
 ganze Zeug   1.0000000000000000     
 ganze Zeug   1.0000000000000000     
 ganze Zeug   1.0000000000000000     
 ganze Zeug   1.0000000000000000     
 ganze Zeug   1.0000000000000000     
 ganze Zeug   1.0000000000000000     
 ganze Zeug   1.0000000000000000     
 ganze Zeug   1.0000000000000000     
 ganze Zeug   1.0000000000000000     
 ganze Zeug   1.0000000000000000     
 ganze Zeug   1.0000000000000000     
 ganze Zeug   1.0000000000000000     
 ganze Zeug   1.0000000000000000     
 ganze Zeug   1.0000000000000000     
 ganze Zeug   1.0000000000000000     
 ganze Zeug   1.0000000000000000     
 ganze Zeug   1.0000000000000000     
 ganze Zeug   1.0000000000000000     
 ganze Zeug   1.0000000000000000     
 ganze Zeug   1.0000000000000000     
 ganze Zeug   1.0000000000000000     
 ganze Zeug   1.0000000000000000     
 ganze Zeug   1.0000000000000000     
 ganze Zeug   1.0000000000000000     
 ganze Zeug   1.0000000000000000     
 ganze Zeug   1.0000000000000000     
 ganze Zeug   1.0000000000000000     
 ganze Zeug   1.0000000000000000     
 ganze Zeug   1.0000000000000000     
 ganze Zeug   1.0000000000000000     
 ganze Zeug   1.0000000000000000     
 ganze Zeug   1.0000000000000000     
 ganze Zeug   1.0000000000000000     
 ganze Zeug   1.0000000000000000     
 ganze Zeug   1.0000000000000000     
 ganze Zeug   1.0000000000000000     
 ganze Zeug   1.0000000000000000     
 ganze Zeug   1.0000000000000000     
 ganze Zeug   1.0000000000000000     
 ganze Zeug   1.0000000000000000     
 ganze Zeug   1.0000000000000000     
 ganze Zeug   1.0000000000000000     
 ganze Zeug   1.0000000000000000     
 ganze Zeug   1.0000000000000000     
 ganze Zeug   1.0000000000000000     
 ganze Zeug   1.0000000000000000     
 ganze Zeug   1.0000000000000000     
 ganze Zeug   1.0000000000000000     
 ganze Zeug   1.0000000000000000     
 ganze Zeug   1.0000000000000000     
 ganze Zeug   1.0000000000000000     
 ganze Zeug   1.0000000000000000     
 ganze Zeug   1.0000000000000000     
 ganze Zeug   1.0000000000000000     
 ganze Zeug   1.0000000000000000     
 ganze Zeug   1.0000000000000000     
 ganze Zeug   1.0000000000000000     
 ganze Zeug   1.0000000000000000     
 ganze Zeug   1.0000000000000000     
 ganze Zeug   1.0000000000000000     
 ganze Zeug   1.0000000000000000     
 ganze Zeug   1.0000000000000000     
 ganze Zeug   1.0000000000000000     
 ganze Zeug   1.0000000000000000     
 ganze Zeug   1.0000000000000000     
 ganze Zeug   1.0000000000000000     
 ganze Zeug   1.0000000000000000     
 ganze Zeug   1.0000000000000000     
 ganze Zeug   1.0000000000000000     
 ganze Zeug   1.0000000000000000     
 ganze Zeug   1.0000000000000000     
 ganze Zeug   1.0000000000000000     
 ganze Zeug   1.0000000000000000     
 ganze Zeug   1.0000000000000000     
 ganze Zeug   1.0000000000000000     
 ganze Zeug   1.0000000000000000     
 ganze Zeug   1.0000000000000000     
 ganze Zeug   1.0000000000000000     
 ganze Zeug   1.0000000000000000     
 ganze Zeug   1.0000000000000000     
 ganze Zeug   1.0000000000000000     
 ganze Zeug   1.0000000000000000     
 ganze Zeug   1.0000000000000000     
 ganze Zeug   1.0000000000000000     
 ganze Zeug   1.0000000000000000     
 ganze Zeug   1.0000000000000000     
 ganze Zeug   1.0000000000000000     
 ganze Zeug   1.0000000000000000     
 ganze Zeug   1.0000000000000000     
 ganze Zeug   1.0000000000000000     
 ganze Zeug   1.0000000000000000     
 ganze Zeug   1.0000000000000000     
 ganze Zeug   1.0000000000000000     
 ganze Zeug   1.0000000000000000     
 ganze Zeug   1.0000000000000000     
 ganze Zeug   1.0000000000000000     
 ganze Zeug   1.0000000000000000     
 ganze Zeug   1.0000000000000000     
 ganze Zeug   1.0000000000000000     
 ganze Zeug   1.0000000000000000     
 ganze Zeug   1.0000000000000000     
 ganze Zeug   1.0000000000000000     
 ganze Zeug   1.0000000000000000     
 ganze Zeug   1.0000000000000000     
 ganze Zeug   1.0000000000000000     
 ganze Zeug   1.0000000000000000     
 ganze Zeug   1.0000000000000000     
 ganze Zeug   1.0000000000000000     
 ganze Zeug   1.0000000000000000     
 ganze Zeug   1.0000000000000000     
 ganze Zeug   1.0000000000000000     
 ganze Zeug   1.0000000000000000     
 ganze Zeug   1.0000000000000000     
 ganze Zeug   1.0000000000000000     
 ganze Zeug   1.0000000000000000     
 ganze Zeug   1.0000000000000000     
 ganze Zeug   1.0000000000000000     
 ganze Zeug   1.0000000000000000     
 ganze Zeug   1.0000000000000000     
 ganze Zeug   1.0000000000000000     
 ganze Zeug   1.0000000000000000     
 ganze Zeug   1.0000000000000000     
 ganze Zeug   1.0000000000000000     
 ganze Zeug   1.0000000000000000     
 ganze Zeug   1.0000000000000000     
 ganze Zeug   1.0000000000000000     
 ganze Zeug   1.0000000000000000     
 ganze Zeug   1.0000000000000000     
 ganze Zeug   1.0000000000000000     
 ganze Zeug   1.0000000000000000     
 ganze Zeug   1.0000000000000000     
 ganze Zeug   1.0000000000000000     
 ganze Zeug   1.0000000000000000     
 ganze Zeug   1.0000000000000000     
 ganze Zeug   1.0000000000000000     
 ganze Zeug   1.0000000000000000     
 ganze Zeug   1.0000000000000000     
 ganze Zeug   1.0000000000000000     
 ganze Zeug   1.0000000000000000     
 ganze Zeug   1.0000000000000000     
 ganze Zeug   1.0000000000000000     
 ganze Zeug   1.0000000000000000     
 ganze Zeug   1.0000000000000000     
 ganze Zeug   1.0000000000000000     
 ganze Zeug   1.0000000000000000     
 ganze Zeug   1.0000000000000000     
 ganze Zeug   1.0000000000000000     
 ganze Zeug   1.0000000000000000     
 ganze Zeug   1.0000000000000000     
 ganze Zeug   1.0000000000000000     
 ganze Zeug   1.0000000000000000     
 ganze Zeug   1.0000000000000000     
 ganze Zeug   1.0000000000000000     
 ganze Zeug   1.0000000000000000     
 ganze Zeug   1.0000000000000000     
 ganze Zeug   1.0000000000000000     
 ganze Zeug   1.0000000000000000     
 ganze Zeug   1.0000000000000000     
 ganze Zeug   1.0000000000000000     
 ganze Zeug   1.0000000000000000     
 ganze Zeug   1.0000000000000000     
 ganze Zeug   1.0000000000000000     
 ganze Zeug   1.0000000000000000     
 ganze Zeug   1.0000000000000000     
 ganze Zeug   1.0000000000000000     
 ganze Zeug   1.0000000000000000     
 ganze Zeug   1.0000000000000000     
 ganze Zeug   1.0000000000000000     
 ganze Zeug   1.0000000000000000     
 ganze Zeug   1.0000000000000000     
 ganze Zeug   1.0000000000000000     
 ganze Zeug   1.0000000000000000     
 ganze Zeug   1.0000000000000000     
 ganze Zeug   1.0000000000000000     
 ganze Zeug   1.0000000000000000     
 ganze Zeug   1.0000000000000000     
 ganze Zeug   1.0000000000000000     
 ganze Zeug   1.0000000000000000     
 ganze Zeug   1.0000000000000000     
 ganze Zeug   1.0000000000000000     
 ganze Zeug   1.0000000000000000     
 ganze Zeug   1.0000000000000000     
 ganze Zeug   1.0000000000000000     
 ganze Zeug   1.0000000000000000     
 ganze Zeug   1.0000000000000000     
 ganze Zeug   1.0000000000000000     
 ganze Zeug   1.0000000000000000     
 ganze Zeug   1.0000000000000000     
 ganze Zeug   1.0000000000000000     
 ganze Zeug   1.0000000000000000     
 ganze Zeug   1.0000000000000000     
 ganze Zeug   1.0000000000000000     
 ganze Zeug   1.0000000000000000     
 ganze Zeug   1.0000000000000000     
 ganze Zeug   1.0000000000000000     
 ganze Zeug   1.0000000000000000     
 ganze Zeug   1.0000000000000000     
 ganze Zeug   1.0000000000000000     
 ganze Zeug   1.0000000000000000     
 ganze Zeug   1.0000000000000000     
 ganze Zeug   1.0000000000000000     
 ganze Zeug   1.0000000000000000     
 ganze Zeug   1.0000000000000000     
 ganze Zeug   1.0000000000000000     
 ganze Zeug   1.0000000000000000     
 ganze Zeug   1.0000000000000000     
 ganze Zeug   1.0000000000000000     
 ganze Zeug   1.0000000000000000     
 ganze Zeug   1.0000000000000000     
 ganze Zeug   1.0000000000000000     
 ganze Zeug   1.0000000000000000     
 ganze Zeug   1.0000000000000000     
 ganze Zeug   1.0000000000000000     
 ganze Zeug   1.0000000000000000     
 ganze Zeug   1.0000000000000000     
 ganze Zeug   1.0000000000000000     
 ganze Zeug   1.0000000000000000     
 ganze Zeug   1.0000000000000000     
 ganze Zeug   1.0000000000000000     
 ganze Zeug   1.0000000000000000     
 ganze Zeug   1.0000000000000000     
 ganze Zeug   1.0000000000000000     
 ganze Zeug   1.0000000000000000     
 ganze Zeug   1.0000000000000000     
 ganze Zeug   1.0000000000000000     
 ganze Zeug   1.0000000000000000     
 ganze Zeug   1.0000000000000000     
 ganze Zeug   1.0000000000000000     
 ganze Zeug   1.0000000000000000     
 ganze Zeug   1.0000000000000000     
 ganze Zeug   1.0000000000000000     
 ganze Zeug   1.0000000000000000     
 ganze Zeug   1.0000000000000000     
 ganze Zeug   1.0000000000000000     
 ganze Zeug   1.0000000000000000     
 ganze Zeug   1.0000000000000000     
 ganze Zeug   1.0000000000000000     
 ganze Zeug   1.0000000000000000     
 ganze Zeug   1.0000000000000000     
 ganze Zeug   1.0000000000000000     
 ganze Zeug   1.0000000000000000     
 ganze Zeug   1.0000000000000000     
 ganze Zeug   1.0000000000000000     
 ganze Zeug   1.0000000000000000     
 ganze Zeug   1.0000000000000000     
 ganze Zeug   1.0000000000000000     
 ganze Zeug   1.0000000000000000     
 ganze Zeug   1.0000000000000000     
 ganze Zeug   1.0000000000000000     
 ganze Zeug   1.0000000000000000     
 ganze Zeug   1.0000000000000000     
 ganze Zeug   1.0000000000000000     
 ganze Zeug   1.0000000000000000     
 ganze Zeug   1.0000000000000000     
 ganze Zeug   1.0000000000000000     
 ganze Zeug   1.0000000000000000     
 ganze Zeug   1.0000000000000000     
 ganze Zeug   1.0000000000000000     
 ganze Zeug   1.0000000000000000     
 ganze Zeug   1.0000000000000000     
 ganze Zeug   1.0000000000000000     
 ganze Zeug   1.0000000000000000     
 ganze Zeug   1.0000000000000000     
 ganze Zeug   1.0000000000000000     
 ganze Zeug   1.0000000000000000     
 ganze Zeug   1.0000000000000000     
 ganze Zeug   1.0000000000000000     
 ganze Zeug   1.0000000000000000     
 ganze Zeug   1.0000000000000000     
 ganze Zeug   1.0000000000000000     
 ganze Zeug   1.0000000000000000     
 ganze Zeug   1.0000000000000000     
 ganze Zeug   1.0000000000000000     
 ganze Zeug   1.0000000000000000     
 ganze Zeug   1.0000000000000000     
 ganze Zeug   1.0000000000000000     
 ganze Zeug   1.0000000000000000     
 ganze Zeug   1.0000000000000000     
 ganze Zeug   1.0000000000000000     
 ganze Zeug   1.0000000000000000     
 ganze Zeug   1.0000000000000000     
 ganze Zeug   1.0000000000000000     
 ganze Zeug   1.0000000000000000     
 ganze Zeug   1.0000000000000000     
 ganze Zeug   1.0000000000000000     
 ganze Zeug   1.0000000000000000     
 ganze Zeug   1.0000000000000000     
 ganze Zeug   1.0000000000000000     
 ganze Zeug   1.0000000000000000     
 ganze Zeug   1.0000000000000000     
 ganze Zeug   1.0000000000000000     
 ganze Zeug   1.0000000000000000     
 ganze Zeug   1.0000000000000000     
 ganze Zeug   1.0000000000000000     
 ganze Zeug   1.0000000000000000     
 ganze Zeug   1.0000000000000000     
 ganze Zeug   1.0000000000000000     
 ganze Zeug   1.0000000000000000     
 ganze Zeug   1.0000000000000000     
 ganze Zeug   1.0000000000000000     
 ganze Zeug   1.0000000000000000     
 ganze Zeug   1.0000000000000000     
 ganze Zeug   1.0000000000000000     
 ganze Zeug   1.0000000000000000     
 ganze Zeug   1.0000000000000000     
 ganze Zeug   1.0000000000000000     
 ganze Zeug   1.0000000000000000     
 ganze Zeug   1.0000000000000000     
 ganze Zeug   1.0000000000000000     
 ganze Zeug   1.0000000000000000     
 ganze Zeug   1.0000000000000000     
 ganze Zeug   1.0000000000000000     
 ganze Zeug   1.0000000000000000     
 ganze Zeug   1.0000000000000000     
 ganze Zeug   1.0000000000000000     
 ganze Zeug   1.0000000000000000     
 ganze Zeug   1.0000000000000000     
 ganze Zeug   1.0000000000000000     
 ganze Zeug   1.0000000000000000     
 ganze Zeug   1.0000000000000000     
 ganze Zeug   1.0000000000000000     
 ganze Zeug   1.0000000000000000     
 ganze Zeug   1.0000000000000000     
 ganze Zeug   1.0000000000000000     
 ganze Zeug   1.0000000000000000     
 ganze Zeug   1.0000000000000000     
 ganze Zeug   1.0000000000000000     
 ganze Zeug   1.0000000000000000     
 ganze Zeug   1.0000000000000000     
 ganze Zeug   1.0000000000000000     
 ganze Zeug   1.0000000000000000     
 ganze Zeug   1.0000000000000000     
 ganze Zeug   1.0000000000000000     
 ganze Zeug   1.0000000000000000     
 ganze Zeug   1.0000000000000000     
 ganze Zeug   1.0000000000000000     
 ganze Zeug   1.0000000000000000     
 ganze Zeug   1.0000000000000000     
 ganze Zeug   1.0000000000000000     
 ganze Zeug   1.0000000000000000     
 ganze Zeug   1.0000000000000000     
 ganze Zeug   1.0000000000000000     
 ganze Zeug   1.0000000000000000     
 ganze Zeug   1.0000000000000000     
 ganze Zeug   1.0000000000000000     
 ganze Zeug   1.0000000000000000     
 ganze Zeug   1.0000000000000000     
 ganze Zeug   1.0000000000000000     
 ganze Zeug   1.0000000000000000     
 ganze Zeug   1.0000000000000000     
 ganze Zeug   1.0000000000000000     
 ganze Zeug   1.0000000000000000     
 ganze Zeug   1.0000000000000000     
 ganze Zeug   1.0000000000000000     
 ganze Zeug   1.0000000000000000     
 ganze Zeug   1.0000000000000000     
 ganze Zeug   1.0000000000000000     
 ganze Zeug   1.0000000000000000     
 ganze Zeug   1.0000000000000000     
 ganze Zeug   1.0000000000000000     
 ganze Zeug   1.0000000000000000     
 ganze Zeug   1.0000000000000000     
 ganze Zeug   1.0000000000000000     
 ganze Zeug   1.0000000000000000     
 ganze Zeug   1.0000000000000000     
 ganze Zeug   1.0000000000000000     
 ganze Zeug   1.0000000000000000     
 ganze Zeug   1.0000000000000000     
 ganze Zeug   1.0000000000000000     
 ganze Zeug   1.0000000000000000     
 ganze Zeug   1.0000000000000000     
 ganze Zeug   1.0000000000000000     
 ganze Zeug   1.0000000000000000     
 ganze Zeug   1.0000000000000000     
 ganze Zeug   1.0000000000000000     
 ganze Zeug   1.0000000000000000     
 ganze Zeug   1.0000000000000000     
 ganze Zeug   1.0000000000000000     
 ganze Zeug   1.0000000000000000     
 ganze Zeug   1.0000000000000000     
 ganze Zeug   1.0000000000000000     
 ganze Zeug   1.0000000000000000     
 ganze Zeug   1.0000000000000000     
 ganze Zeug   1.0000000000000000     
 ganze Zeug   1.0000000000000000     
 ganze Zeug   1.0000000000000000     
 ganze Zeug   1.0000000000000000     
 ganze Zeug   1.0000000000000000     
 ganze Zeug   1.0000000000000000     
 ganze Zeug   1.0000000000000000     
 ganze Zeug   1.0000000000000000     
 ganze Zeug   1.0000000000000000     
 ganze Zeug   1.0000000000000000     
 ganze Zeug   1.0000000000000000     
 ganze Zeug   1.0000000000000000     
 ganze Zeug   1.0000000000000000     
 ganze Zeug   1.0000000000000000     
 ganze Zeug   1.0000000000000000     
 ganze Zeug   1.0000000000000000     
 ganze Zeug   1.0000000000000000     
 ganze Zeug   1.0000000000000000     
 ganze Zeug   1.0000000000000000     
 ganze Zeug   1.0000000000000000     
 ganze Zeug   1.0000000000000000     
 ganze Zeug   1.0000000000000000     
 ganze Zeug   1.0000000000000000     
 ganze Zeug   1.0000000000000000     
 ganze Zeug   1.0000000000000000     
 ganze Zeug   1.0000000000000000     
 ganze Zeug   1.0000000000000000     
 ganze Zeug   1.0000000000000000     
 ganze Zeug   1.0000000000000000     
 ganze Zeug   1.0000000000000000     
 ganze Zeug   1.0000000000000000     
 ganze Zeug   1.0000000000000000     
 ganze Zeug   1.0000000000000000     
 ganze Zeug   1.0000000000000000     
 ganze Zeug   1.0000000000000000     
 ganze Zeug   1.0000000000000000     
 ganze Zeug   1.0000000000000000     
 ganze Zeug   1.0000000000000000     
 ganze Zeug   1.0000000000000000     
 ganze Zeug   1.0000000000000000     
 ganze Zeug   1.0000000000000000     
 ganze Zeug   1.0000000000000000     
 ganze Zeug   1.0000000000000000     
 ganze Zeug   1.0000000000000000     
 ganze Zeug   1.0000000000000000     
 ganze Zeug   1.0000000000000000     
 ganze Zeug   1.0000000000000000     
 ganze Zeug   1.0000000000000000     
 ganze Zeug   1.0000000000000000     
 ganze Zeug   1.0000000000000000     
 ganze Zeug   1.0000000000000000     
 ganze Zeug   1.0000000000000000     
 ganze Zeug   1.0000000000000000     
 ganze Zeug   1.0000000000000000     
 ganze Zeug   1.0000000000000000     
 ganze Zeug   1.0000000000000000     
 ganze Zeug   1.0000000000000000     
 ganze Zeug   1.0000000000000000     
 ganze Zeug   1.0000000000000000     
 ganze Zeug   1.0000000000000000     
 ganze Zeug   1.0000000000000000     
 ganze Zeug   1.0000000000000000     
 ganze Zeug   1.0000000000000000     
 ganze Zeug   1.0000000000000000     
 ganze Zeug   1.0000000000000000     
 ganze Zeug   1.0000000000000000     
 ganze Zeug   1.0000000000000000     
 ganze Zeug   1.0000000000000000     
 ganze Zeug   1.0000000000000000     
 ganze Zeug   1.0000000000000000     
 ganze Zeug   1.0000000000000000     
 ganze Zeug   1.0000000000000000     
 ganze Zeug   1.0000000000000000     
 ganze Zeug   1.0000000000000000     
 ganze Zeug   1.0000000000000000     
 ganze Zeug   1.0000000000000000     
 ganze Zeug   1.0000000000000000     
 ganze Zeug   1.0000000000000000     
 ganze Zeug   1.0000000000000000     
 ganze Zeug   1.0000000000000000     
 ganze Zeug   1.0000000000000000     
 ganze Zeug   1.0000000000000000     
 ganze Zeug   1.0000000000000000     
 ganze Zeug   1.0000000000000000     
 ganze Zeug   1.0000000000000000     
 ganze Zeug   1.0000000000000000     
 ganze Zeug   1.0000000000000000     
 ganze Zeug   1.0000000000000000     
 ganze Zeug   1.0000000000000000     
 ganze Zeug   1.0000000000000000     
 ganze Zeug   1.0000000000000000     
 ganze Zeug   1.0000000000000000     
 ganze Zeug   1.0000000000000000     
 ganze Zeug   1.0000000000000000     
 ganze Zeug   1.0000000000000000     
 ganze Zeug   1.0000000000000000     
 ganze Zeug   1.0000000000000000     
 ganze Zeug   1.0000000000000000     
 ganze Zeug   1.0000000000000000     
 ganze Zeug   1.0000000000000000     
 ganze Zeug   1.0000000000000000     
 ganze Zeug   1.0000000000000000     
 ganze Zeug   1.0000000000000000     
 ganze Zeug   1.0000000000000000     
 ganze Zeug   1.0000000000000000     
 ganze Zeug   1.0000000000000000     
 ganze Zeug   1.0000000000000000     
 ganze Zeug   1.0000000000000000     
 ganze Zeug   1.0000000000000000     
 ganze Zeug   1.0000000000000000     
 ganze Zeug   1.0000000000000000     
 ganze Zeug   1.0000000000000000     
 ganze Zeug   1.0000000000000000     
 ganze Zeug   1.0000000000000000     
 ganze Zeug   1.0000000000000000     
 ganze Zeug   1.0000000000000000     
 ganze Zeug   1.0000000000000000     
 ganze Zeug   1.0000000000000000     
 ganze Zeug   1.0000000000000000     
 ganze Zeug   1.0000000000000000     
 ganze Zeug   1.0000000000000000     
 ganze Zeug   1.0000000000000000     
 ganze Zeug   1.0000000000000000     
 ganze Zeug   1.0000000000000000     
 ganze Zeug   1.0000000000000000     
 ganze Zeug   1.0000000000000000     
 ganze Zeug   1.0000000000000000     
 ganze Zeug   1.0000000000000000     
 ganze Zeug   1.0000000000000000     
 ganze Zeug   1.0000000000000000     
 ganze Zeug   1.0000000000000000     
 ganze Zeug   1.0000000000000000     
 ganze Zeug   1.0000000000000000     
 ganze Zeug   1.0000000000000000     
 ganze Zeug   1.0000000000000000     
 ganze Zeug   1.0000000000000000     
 ganze Zeug   1.0000000000000000     
 ganze Zeug   1.0000000000000000     
 ganze Zeug   1.0000000000000000     
 ganze Zeug   1.0000000000000000     
 ganze Zeug   1.0000000000000000     
 ganze Zeug   1.0000000000000000     
 ganze Zeug   1.0000000000000000     
 ganze Zeug   1.0000000000000000     
 ganze Zeug   1.0000000000000000     
 ganze Zeug   1.0000000000000000     
 ganze Zeug   1.0000000000000000     
 ganze Zeug   1.0000000000000000     
 ganze Zeug   1.0000000000000000     
 ganze Zeug   1.0000000000000000     
 ganze Zeug   1.0000000000000000     
 ganze Zeug   1.0000000000000000     
 ganze Zeug   1.0000000000000000     
 ganze Zeug   1.0000000000000000     
 ganze Zeug   1.0000000000000000     
 ganze Zeug   1.0000000000000000     
 ganze Zeug   1.0000000000000000     
 ganze Zeug   1.0000000000000000     
 ganze Zeug   1.0000000000000000     
 ganze Zeug   1.0000000000000000     
 ganze Zeug   1.0000000000000000     
 ganze Zeug   1.0000000000000000     
 ganze Zeug   1.0000000000000000     
 ganze Zeug   1.0000000000000000     
 ganze Zeug   1.0000000000000000     
 ganze Zeug   1.0000000000000000     
 ganze Zeug   1.0000000000000000     
 ganze Zeug   1.0000000000000000     
 ganze Zeug   1.0000000000000000     
 ganze Zeug   1.0000000000000000     
 ganze Zeug   1.0000000000000000     
 ganze Zeug   1.0000000000000000     
 ganze Zeug   1.0000000000000000     
 ganze Zeug   1.0000000000000000     
 ganze Zeug   1.0000000000000000     
 ganze Zeug   1.0000000000000000     
 ganze Zeug   1.0000000000000000     
 ganze Zeug   1.0000000000000000     
 ganze Zeug   1.0000000000000000     
 ganze Zeug   1.0000000000000000     
 ganze Zeug   1.0000000000000000     
 ganze Zeug   1.0000000000000000     
 ganze Zeug   1.0000000000000000     
 ganze Zeug   1.0000000000000000     
 ganze Zeug   1.0000000000000000     
 ganze Zeug   1.0000000000000000     
 ganze Zeug   1.0000000000000000     
 ganze Zeug   1.0000000000000000     
 ganze Zeug   1.0000000000000000     
 ganze Zeug   1.0000000000000000     
 ganze Zeug   1.0000000000000000     
 ganze Zeug   1.0000000000000000     
 ganze Zeug   1.0000000000000000     
 ganze Zeug   1.0000000000000000     
 ganze Zeug   1.0000000000000000     
 ganze Zeug   1.0000000000000000     
 ganze Zeug   1.0000000000000000     
 ganze Zeug   1.0000000000000000     
 ganze Zeug   1.0000000000000000     
 ganze Zeug   1.0000000000000000     
 ganze Zeug   1.0000000000000000     
 ganze Zeug   1.0000000000000000     
 ganze Zeug   1.0000000000000000     
 ganze Zeug   1.0000000000000000     
 ganze Zeug   1.0000000000000000     
 ganze Zeug   1.0000000000000000     
 ganze Zeug   1.0000000000000000     
 ganze Zeug   1.0000000000000000     
 ganze Zeug   1.0000000000000000     
 ganze Zeug   1.0000000000000000     
 ganze Zeug   1.0000000000000000     
 ganze Zeug   1.0000000000000000     
 ganze Zeug   1.0000000000000000     
 ganze Zeug   1.0000000000000000     
 ganze Zeug   1.0000000000000000     
 ganze Zeug   1.0000000000000000     
 ganze Zeug   1.0000000000000000     
 ganze Zeug   1.0000000000000000     
 ganze Zeug   1.0000000000000000     
 ganze Zeug   1.0000000000000000     
 ganze Zeug   1.0000000000000000     
 ganze Zeug   1.0000000000000000     
 ganze Zeug   1.0000000000000000     
 ganze Zeug   1.0000000000000000     
 ganze Zeug   1.0000000000000000     
 ganze Zeug   1.0000000000000000     
 ganze Zeug   1.0000000000000000     
 ganze Zeug   1.0000000000000000     
 ganze Zeug   1.0000000000000000     
 ganze Zeug   1.0000000000000000     
 ganze Zeug   1.0000000000000000     
 ganze Zeug   1.0000000000000000     
 ganze Zeug   1.0000000000000000     
 ganze Zeug   1.0000000000000000     
 ganze Zeug   1.0000000000000000     
 ganze Zeug   1.0000000000000000     
 ganze Zeug   1.0000000000000000     
 ganze Zeug   1.0000000000000000     
 ganze Zeug   1.0000000000000000     
 ganze Zeug   1.0000000000000000     
 ganze Zeug   1.0000000000000000     
 ganze Zeug   1.0000000000000000     
 ganze Zeug   1.0000000000000000     
 ganze Zeug   1.0000000000000000     
 ganze Zeug   1.0000000000000000     
 ganze Zeug   1.0000000000000000     
 ganze Zeug   1.0000000000000000     
 ganze Zeug   1.0000000000000000     
 ganze Zeug   1.0000000000000000     
 ganze Zeug   1.0000000000000000     
 ganze Zeug   1.0000000000000000     
 ganze Zeug   1.0000000000000000     
 ganze Zeug   1.0000000000000000     
 ganze Zeug   1.0000000000000000     
 ganze Zeug   1.0000000000000000     
 ganze Zeug   1.0000000000000000     
 ganze Zeug   1.0000000000000000     
 ganze Zeug   1.0000000000000000     
 ganze Zeug   1.0000000000000000     
 ganze Zeug   1.0000000000000000     
 ganze Zeug   1.0000000000000000     
 ganze Zeug   1.0000000000000000     
 ganze Zeug   1.0000000000000000     
 ganze Zeug   1.0000000000000000     
 ganze Zeug   1.0000000000000000     
 ganze Zeug   1.0000000000000000     
 ganze Zeug   1.0000000000000000     
 ganze Zeug   1.0000000000000000     
 ganze Zeug   1.0000000000000000     
 ganze Zeug   1.0000000000000000     
 ganze Zeug   1.0000000000000000     
 ganze Zeug   1.0000000000000000     
 ganze Zeug   1.0000000000000000     
 ganze Zeug   1.0000000000000000     
 ganze Zeug   1.0000000000000000     
 ganze Zeug   1.0000000000000000     
 ganze Zeug   1.0000000000000000     
 ganze Zeug   1.0000000000000000     
 ganze Zeug   1.0000000000000000     
 ganze Zeug   1.0000000000000000     
 ganze Zeug   1.0000000000000000     
 ganze Zeug   1.0000000000000000     
 ganze Zeug   1.0000000000000000     
 ganze Zeug   1.0000000000000000     
 ganze Zeug   1.0000000000000000     
 ganze Zeug   1.0000000000000000     
 ganze Zeug   1.0000000000000000     
 ganze Zeug   1.0000000000000000     
 ganze Zeug   1.0000000000000000     
 ganze Zeug   1.0000000000000000     
 ganze Zeug   1.0000000000000000     
 ganze Zeug   1.0000000000000000     
 ganze Zeug   1.0000000000000000     
 ganze Zeug   1.0000000000000000     
 ganze Zeug   1.0000000000000000     
 ganze Zeug   1.0000000000000000     
 ganze Zeug   1.0000000000000000     
 ganze Zeug   1.0000000000000000     
 ganze Zeug   1.0000000000000000     
 ganze Zeug   1.0000000000000000     
 ganze Zeug   1.0000000000000000     
 ganze Zeug   1.0000000000000000     
 ganze Zeug   1.0000000000000000     
 ganze Zeug   1.0000000000000000     
 ganze Zeug   1.0000000000000000     
 ganze Zeug   1.0000000000000000     
 ganze Zeug   1.0000000000000000     
 ganze Zeug   1.0000000000000000     
 ganze Zeug   1.0000000000000000     
 ganze Zeug   1.0000000000000000     
 ganze Zeug   1.0000000000000000     
 ganze Zeug   1.0000000000000000     
 ganze Zeug   1.0000000000000000     
 ganze Zeug   1.0000000000000000     
 ganze Zeug   1.0000000000000000     
 ganze Zeug   1.0000000000000000     
 ganze Zeug   1.0000000000000000     
 ganze Zeug   1.0000000000000000     
 ganze Zeug   1.0000000000000000     
 ganze Zeug   1.0000000000000000     
 ganze Zeug   1.0000000000000000     
 ganze Zeug   1.0000000000000000     
 ganze Zeug   1.0000000000000000     
 ganze Zeug   1.0000000000000000     
 ganze Zeug   1.0000000000000000     
 ganze Zeug   1.0000000000000000     
 ganze Zeug   1.0000000000000000     
 ganze Zeug   1.0000000000000000     
 ganze Zeug   1.0000000000000000     
 ganze Zeug   1.0000000000000000     
 ganze Zeug   1.0000000000000000     
 ganze Zeug   1.0000000000000000     
 ganze Zeug   1.0000000000000000     
 ganze Zeug   1.0000000000000000     
 ganze Zeug   1.0000000000000000     
 ganze Zeug   1.0000000000000000     
 ganze Zeug   1.0000000000000000     
 ganze Zeug   1.0000000000000000     
 ganze Zeug   1.0000000000000000     
 ganze Zeug   1.0000000000000000     
 ganze Zeug   1.0000000000000000     
 ganze Zeug   1.0000000000000000     
 ganze Zeug   1.0000000000000000     
 ganze Zeug   1.0000000000000000     
 ganze Zeug   1.0000000000000000     
 ganze Zeug   1.0000000000000000     
 ganze Zeug   1.0000000000000000     
 ganze Zeug   1.0000000000000000     
 ganze Zeug   1.0000000000000000     
 ganze Zeug   1.0000000000000000     
 ganze Zeug   1.0000000000000000     
 ganze Zeug   1.0000000000000000     
 ganze Zeug   1.0000000000000000     
 ganze Zeug   1.0000000000000000     
 ganze Zeug   1.0000000000000000     
 ganze Zeug   1.0000000000000000     
 ganze Zeug   1.0000000000000000     
 ganze Zeug   1.0000000000000000     
 ganze Zeug   1.0000000000000000     
 ganze Zeug   1.0000000000000000     
 ganze Zeug   1.0000000000000000     
 ganze Zeug   1.0000000000000000     
 ganze Zeug   1.0000000000000000     
 ganze Zeug   1.0000000000000000     
 ganze Zeug   1.0000000000000000     
 ganze Zeug   1.0000000000000000     
 ganze Zeug   1.0000000000000000     
 ganze Zeug   1.0000000000000000     
 ganze Zeug   1.0000000000000000     
 ganze Zeug   1.0000000000000000     
 ganze Zeug   1.0000000000000000     
 ganze Zeug   1.0000000000000000     
 ganze Zeug   1.0000000000000000     
 ganze Zeug   1.0000000000000000     
 ganze Zeug   1.0000000000000000     
 ganze Zeug   1.0000000000000000     
 ganze Zeug   1.0000000000000000     
 ganze Zeug   1.0000000000000000     
 ganze Zeug   1.0000000000000000     
 ganze Zeug   1.0000000000000000     
 ganze Zeug   1.0000000000000000     
 ganze Zeug   1.0000000000000000     
 ganze Zeug   1.0000000000000000     
 ganze Zeug   1.0000000000000000     
 ganze Zeug   1.0000000000000000     
 ganze Zeug   1.0000000000000000     
 ganze Zeug   1.0000000000000000     
 ganze Zeug   1.0000000000000000     
 ganze Zeug   1.0000000000000000     
 ganze Zeug   1.0000000000000000     
 ganze Zeug   1.0000000000000000     
 ganze Zeug   1.0000000000000000     
 ganze Zeug   1.0000000000000000     
 ganze Zeug   1.0000000000000000     
 ganze Zeug   1.0000000000000000     
 ganze Zeug   1.0000000000000000     
 ganze Zeug   1.0000000000000000     
 ganze Zeug   1.0000000000000000     
 ganze Zeug   1.0000000000000000     
 ganze Zeug   1.0000000000000000     
 ganze Zeug   1.0000000000000000     
 ganze Zeug   1.0000000000000000     
 ganze Zeug   1.0000000000000000     
 ganze Zeug   1.0000000000000000     
 ganze Zeug   1.0000000000000000     
 ganze Zeug   1.0000000000000000     
 ganze Zeug   1.0000000000000000     
 ganze Zeug   1.0000000000000000     
 ganze Zeug   1.0000000000000000     
 ganze Zeug   1.0000000000000000     
 ganze Zeug   1.0000000000000000     
 ganze Zeug   1.0000000000000000     
 ganze Zeug   1.0000000000000000     
 ganze Zeug   1.0000000000000000     
 ganze Zeug   1.0000000000000000     
 ganze Zeug   1.0000000000000000     
 ganze Zeug   1.0000000000000000     
 ganze Zeug   1.0000000000000000     
 ganze Zeug   1.0000000000000000     
 ganze Zeug   1.0000000000000000     
 ganze Zeug   1.0000000000000000     
 ganze Zeug   1.0000000000000000     
 ganze Zeug   1.0000000000000000     
 ganze Zeug   1.0000000000000000     
 ganze Zeug   1.0000000000000000     
 ganze Zeug   1.0000000000000000     
 ganze Zeug   1.0000000000000000     
 ganze Zeug   1.0000000000000000     
 ganze Zeug   1.0000000000000000     
 ganze Zeug   1.0000000000000000     
 ganze Zeug   1.0000000000000000     
 ganze Zeug   1.0000000000000000     
 ganze Zeug   1.0000000000000000     
 ganze Zeug   1.0000000000000000     
 ganze Zeug   1.0000000000000000     
 ganze Zeug   1.0000000000000000     
 ganze Zeug   1.0000000000000000     
 ganze Zeug   1.0000000000000000     
 ganze Zeug   1.0000000000000000     
 ganze Zeug   1.0000000000000000     
 ganze Zeug   1.0000000000000000     
 ganze Zeug   1.0000000000000000     
 ganze Zeug   1.0000000000000000     
 ganze Zeug   1.0000000000000000     
 ganze Zeug   1.0000000000000000     
 ganze Zeug   1.0000000000000000     
 ganze Zeug   1.0000000000000000     
 ganze Zeug   1.0000000000000000     
 ganze Zeug   1.0000000000000000     
 ganze Zeug   1.0000000000000000     
 ganze Zeug   1.0000000000000000     
 ganze Zeug   1.0000000000000000     
 ganze Zeug   1.0000000000000000     
 ganze Zeug   1.0000000000000000     
 ganze Zeug   1.0000000000000000     
 ganze Zeug   1.0000000000000000     
 ganze Zeug   1.0000000000000000     
 ganze Zeug   1.0000000000000000     
 ganze Zeug   1.0000000000000000     
 ganze Zeug   1.0000000000000000     
 ganze Zeug   1.0000000000000000     
 ganze Zeug   1.0000000000000000     
 ganze Zeug   1.0000000000000000     
 ganze Zeug   1.0000000000000000     
 ganze Zeug   1.0000000000000000     
 ganze Zeug   1.0000000000000000     
 ganze Zeug   1.0000000000000000     
 ganze Zeug   1.0000000000000000     
 ganze Zeug   1.0000000000000000     
 ganze Zeug   1.0000000000000000     
 ganze Zeug   1.0000000000000000     
 ganze Zeug   1.0000000000000000     
 ganze Zeug   1.0000000000000000     
 ganze Zeug   1.0000000000000000     
 ganze Zeug   1.0000000000000000     
 ganze Zeug   1.0000000000000000     
 ganze Zeug   1.0000000000000000     
 ganze Zeug   1.0000000000000000     
 ganze Zeug   1.0000000000000000     
 ganze Zeug   1.0000000000000000     
 ganze Zeug   1.0000000000000000     
 ganze Zeug   1.0000000000000000     
 ganze Zeug   1.0000000000000000     
 ganze Zeug   1.0000000000000000     
 ganze Zeug   1.0000000000000000     
 ganze Zeug   1.0000000000000000     
 ganze Zeug   1.0000000000000000     
 ganze Zeug   1.0000000000000000     
 ganze Zeug   1.0000000000000000     
 ganze Zeug   1.0000000000000000     
 ganze Zeug   1.0000000000000000     
 ganze Zeug   1.0000000000000000     
 ganze Zeug   1.0000000000000000     
 ganze Zeug   1.0000000000000000     
 ganze Zeug   1.0000000000000000     
 ganze Zeug   1.0000000000000000     
 ganze Zeug   1.0000000000000000     
 ganze Zeug   1.0000000000000000     
 ganze Zeug   1.0000000000000000     
 ganze Zeug   1.0000000000000000     
 ganze Zeug   1.0000000000000000     
 ganze Zeug   1.0000000000000000     
 ganze Zeug   1.0000000000000000     
 ganze Zeug   1.0000000000000000     
 ganze Zeug   1.0000000000000000     
 ganze Zeug   1.0000000000000000     
 ganze Zeug   1.0000000000000000     
 ganze Zeug   1.0000000000000000     
 ganze Zeug   1.0000000000000000     
 ganze Zeug   1.0000000000000000     
 ganze Zeug   1.0000000000000000     
 ganze Zeug   1.0000000000000000     
 ganze Zeug   1.0000000000000000     
 ganze Zeug   1.0000000000000000     
 ganze Zeug   1.0000000000000000     
 ganze Zeug   1.0000000000000000     
 ganze Zeug   1.0000000000000000     
 ganze Zeug   1.0000000000000000     
 ganze Zeug   1.0000000000000000     
 ganze Zeug   1.0000000000000000     
 ganze Zeug   1.0000000000000000     
 ganze Zeug   1.0000000000000000     
 ganze Zeug   1.0000000000000000     
 ganze Zeug   1.0000000000000000     
 ganze Zeug   1.0000000000000000     
 ganze Zeug   1.0000000000000000     
 ganze Zeug   1.0000000000000000     
 ganze Zeug   1.0000000000000000     
 ganze Zeug   1.0000000000000000     
 ganze Zeug   1.0000000000000000     
 ganze Zeug   1.0000000000000000     
 ganze Zeug   1.0000000000000000     
 ganze Zeug   1.0000000000000000     
 ganze Zeug   1.0000000000000000     
 ganze Zeug   1.0000000000000000     
 ganze Zeug   1.0000000000000000     
 ganze Zeug   1.0000000000000000     
 ganze Zeug   1.0000000000000000     
 ganze Zeug   1.0000000000000000     
 ganze Zeug   1.0000000000000000     
 ganze Zeug   1.0000000000000000     
 ganze Zeug   1.0000000000000000     
 ganze Zeug   1.0000000000000000     
 ganze Zeug   1.0000000000000000     
 ganze Zeug   1.0000000000000000     
 ganze Zeug   1.0000000000000000     
 ganze Zeug   1.0000000000000000     
 ganze Zeug   1.0000000000000000     
 ganze Zeug   1.0000000000000000     
 ganze Zeug   1.0000000000000000     
 ganze Zeug   1.0000000000000000     
 ganze Zeug   1.0000000000000000     
 ganze Zeug   1.0000000000000000     
 ganze Zeug   1.0000000000000000     
 ganze Zeug   1.0000000000000000     
 ganze Zeug   1.0000000000000000     
 ganze Zeug   1.0000000000000000     
 ganze Zeug   1.0000000000000000     
 ganze Zeug   1.0000000000000000     
 ganze Zeug   1.0000000000000000     
 ganze Zeug   1.0000000000000000     
 ganze Zeug   1.0000000000000000     
 ganze Zeug   1.0000000000000000     
 ganze Zeug   1.0000000000000000     
 ganze Zeug   1.0000000000000000     
 ganze Zeug   1.0000000000000000     
 ganze Zeug   1.0000000000000000     
 ganze Zeug   1.0000000000000000     
 ganze Zeug   1.0000000000000000     
 ganze Zeug   1.0000000000000000     
 ganze Zeug   1.0000000000000000     
 ganze Zeug   1.0000000000000000     
 ganze Zeug   1.0000000000000000     
 ganze Zeug   1.0000000000000000     
 ganze Zeug   1.0000000000000000     
 ganze Zeug   1.0000000000000000     
 ganze Zeug   1.0000000000000000     
 ganze Zeug   1.0000000000000000     
 ganze Zeug   1.0000000000000000     
 ganze Zeug   1.0000000000000000     
 ganze Zeug   1.0000000000000000     
 ganze Zeug   1.0000000000000000     
 ganze Zeug   1.0000000000000000     
 ganze Zeug   1.0000000000000000     
 ganze Zeug   1.0000000000000000     
 ganze Zeug   1.0000000000000000     
 ganze Zeug   1.0000000000000000     
 ganze Zeug   1.0000000000000000     
 ganze Zeug   1.0000000000000000     
 ganze Zeug   1.0000000000000000     
 ganze Zeug   1.0000000000000000     
 ganze Zeug   1.0000000000000000     
 ganze Zeug   1.0000000000000000     
 ganze Zeug   1.0000000000000000     
 ganze Zeug   1.0000000000000000     
 ganze Zeug   1.0000000000000000     
 ganze Zeug   1.0000000000000000     
 ganze Zeug   1.0000000000000000     
 ganze Zeug   1.0000000000000000     
 ganze Zeug   1.0000000000000000     
 ganze Zeug   1.0000000000000000     
 ganze Zeug   1.0000000000000000     
 ganze Zeug   1.0000000000000000     
 ganze Zeug   1.0000000000000000     
 ganze Zeug   1.0000000000000000     
 ganze Zeug   1.0000000000000000     
 ganze Zeug   1.0000000000000000     
 ganze Zeug   1.0000000000000000     
 ganze Zeug   1.0000000000000000     
 ganze Zeug   1.0000000000000000     
 ganze Zeug   1.0000000000000000     
 ganze Zeug   1.0000000000000000     
 ganze Zeug   1.0000000000000000     
 ganze Zeug   1.0000000000000000     
 ganze Zeug   1.0000000000000000     
 ganze Zeug   1.0000000000000000     
 ganze Zeug   1.0000000000000000     
 ganze Zeug   1.0000000000000000     
 ganze Zeug   1.0000000000000000     
 ganze Zeug   1.0000000000000000     
 ganze Zeug   1.0000000000000000     
 ganze Zeug   1.0000000000000000     
 ganze Zeug   1.0000000000000000     
 ganze Zeug   1.0000000000000000     
 ganze Zeug   1.0000000000000000     
 ganze Zeug   1.0000000000000000     
 ganze Zeug   1.0000000000000000     
 ganze Zeug   1.0000000000000000     
 ganze Zeug   1.0000000000000000     
 ganze Zeug   1.0000000000000000     
 ganze Zeug   1.0000000000000000     
 ganze Zeug   1.0000000000000000     
 ganze Zeug   1.0000000000000000     
 ganze Zeug   1.0000000000000000     
 ganze Zeug   1.0000000000000000     
 ganze Zeug   1.0000000000000000     
 ganze Zeug   1.0000000000000000     
 ganze Zeug   1.0000000000000000     
 ganze Zeug   1.0000000000000000     
 ganze Zeug   1.0000000000000000     
 ganze Zeug   1.0000000000000000     
 ganze Zeug   1.0000000000000000     
 ganze Zeug   1.0000000000000000     
 ganze Zeug   1.0000000000000000     
 ganze Zeug   1.0000000000000000     
 ganze Zeug   1.0000000000000000     
 ganze Zeug   1.0000000000000000     
 ganze Zeug   1.0000000000000000     
 ganze Zeug   1.0000000000000000     
 ganze Zeug   1.0000000000000000     
 ganze Zeug   1.0000000000000000     
 ganze Zeug   1.0000000000000000     
 ganze Zeug   1.0000000000000000     
 ganze Zeug   1.0000000000000000     
 ganze Zeug   1.0000000000000000     
 ganze Zeug   1.0000000000000000     
 ganze Zeug   1.0000000000000000     
 ganze Zeug   1.0000000000000000     
 ganze Zeug   1.0000000000000000     
 ganze Zeug   1.0000000000000000     
 ganze Zeug   1.0000000000000000     
 ganze Zeug   1.0000000000000000     
 ganze Zeug   1.0000000000000000     
 ganze Zeug   1.0000000000000000     
 ganze Zeug   1.0000000000000000     
 ganze Zeug   1.0000000000000000     
 ganze Zeug   1.0000000000000000     
 ganze Zeug   1.0000000000000000     
 ganze Zeug   1.0000000000000000     
 ganze Zeug   1.0000000000000000     
 ganze Zeug   1.0000000000000000     
 ganze Zeug   1.0000000000000000     
 ganze Zeug   1.0000000000000000     
 ganze Zeug   1.0000000000000000     
 ganze Zeug   1.0000000000000000     
 ganze Zeug   1.0000000000000000     
 ganze Zeug   1.0000000000000000     
 ganze Zeug   1.0000000000000000     
 ganze Zeug   1.0000000000000000     
 ganze Zeug   1.0000000000000000     
 ganze Zeug   1.0000000000000000     
 ganze Zeug   1.0000000000000000     
 ganze Zeug   1.0000000000000000     
 ganze Zeug   1.0000000000000000     
 ganze Zeug   1.0000000000000000     
 ganze Zeug   1.0000000000000000     
 ganze Zeug   1.0000000000000000     
 ganze Zeug   1.0000000000000000     
 ganze Zeug   1.0000000000000000     
 ganze Zeug   1.0000000000000000     
 ganze Zeug   1.0000000000000000     
 ganze Zeug   1.0000000000000000     
 ganze Zeug   1.0000000000000000     
 ganze Zeug   1.0000000000000000     
 ganze Zeug   1.0000000000000000     
 ganze Zeug   1.0000000000000000     
 ganze Zeug   1.0000000000000000     
 ganze Zeug   1.0000000000000000     
 ganze Zeug   1.0000000000000000     
 ganze Zeug   1.0000000000000000     
 ganze Zeug   1.0000000000000000     
 ganze Zeug   1.0000000000000000     
 ganze Zeug   1.0000000000000000     
 ganze Zeug   1.0000000000000000     
 ganze Zeug   1.0000000000000000     
 ganze Zeug   1.0000000000000000     
 ganze Zeug   1.0000000000000000     
 ganze Zeug   1.0000000000000000     
 ganze Zeug   1.0000000000000000     
 ganze Zeug   1.0000000000000000     
 ganze Zeug   1.0000000000000000     
 ganze Zeug   1.0000000000000000     
 ganze Zeug   1.0000000000000000     
 ganze Zeug   1.0000000000000000     
 ganze Zeug   1.0000000000000000     
 ganze Zeug   1.0000000000000000     
 ganze Zeug   1.0000000000000000     
 ganze Zeug   1.0000000000000000     
 ganze Zeug   1.0000000000000000     
 ganze Zeug   1.0000000000000000     
 ganze Zeug   1.0000000000000000     
 ganze Zeug   1.0000000000000000     
 ganze Zeug   1.0000000000000000     
 ganze Zeug   1.0000000000000000     
 ganze Zeug   1.0000000000000000     
 ganze Zeug   1.0000000000000000     
 ganze Zeug   1.0000000000000000     
 ganze Zeug   1.0000000000000000     
 ganze Zeug   1.0000000000000000     
 ganze Zeug   1.0000000000000000     
 ganze Zeug   1.0000000000000000     
 ganze Zeug   1.0000000000000000     
 ganze Zeug   1.0000000000000000     
 ganze Zeug   1.0000000000000000     
 ganze Zeug   1.0000000000000000     
 ganze Zeug   1.0000000000000000     
 ganze Zeug   1.0000000000000000     
 ganze Zeug   1.0000000000000000     
 ganze Zeug   1.0000000000000000     
 ganze Zeug   1.0000000000000000     
 ganze Zeug   1.0000000000000000     
 ganze Zeug   1.0000000000000000     
 ganze Zeug   1.0000000000000000     
 ganze Zeug   1.0000000000000000     
 ganze Zeug   1.0000000000000000     
 ganze Zeug   1.0000000000000000     
 ganze Zeug   1.0000000000000000     
 ganze Zeug   1.0000000000000000     
 ganze Zeug   1.0000000000000000     
 ganze Zeug   1.0000000000000000     
 ganze Zeug   1.0000000000000000     
 ganze Zeug   1.0000000000000000     
 ganze Zeug   1.0000000000000000     
 ganze Zeug   1.0000000000000000     
 ganze Zeug   1.0000000000000000     
 ganze Zeug   1.0000000000000000     
 ganze Zeug   1.0000000000000000     
 ganze Zeug   1.0000000000000000     
 ganze Zeug   1.0000000000000000     
 ganze Zeug   1.0000000000000000     
 ganze Zeug   1.0000000000000000     
 ganze Zeug   1.0000000000000000     
 ganze Zeug   1.0000000000000000     
 ganze Zeug   1.0000000000000000     
 ganze Zeug   1.0000000000000000     
 ganze Zeug   1.0000000000000000     
 ganze Zeug   1.0000000000000000     
 ganze Zeug   1.0000000000000000     
 ganze Zeug   1.0000000000000000     
 ganze Zeug   1.0000000000000000     
 ganze Zeug   1.0000000000000000     
 ganze Zeug   1.0000000000000000     
 ganze Zeug   1.0000000000000000     
 ganze Zeug   1.0000000000000000     
 ganze Zeug   1.0000000000000000     
 ganze Zeug   1.0000000000000000     
 ganze Zeug   1.0000000000000000     
 ganze Zeug   1.0000000000000000     
 ganze Zeug   1.0000000000000000     
 ganze Zeug   1.0000000000000000     
 ganze Zeug   1.0000000000000000     
 ganze Zeug   1.0000000000000000     
 ganze Zeug   1.0000000000000000     
 ganze Zeug   1.0000000000000000     
 ganze Zeug   1.0000000000000000     
 ganze Zeug   1.0000000000000000     
 ganze Zeug   1.0000000000000000     
 ganze Zeug   1.0000000000000000     
 ganze Zeug   1.0000000000000000     
 ganze Zeug   1.0000000000000000     
 ganze Zeug   1.0000000000000000     
 ganze Zeug   1.0000000000000000     
 ganze Zeug   1.0000000000000000     
 ganze Zeug   1.0000000000000000     
 ganze Zeug   1.0000000000000000     
 ganze Zeug   1.0000000000000000     
 ganze Zeug   1.0000000000000000     
 ganze Zeug   1.0000000000000000     
 ganze Zeug   1.0000000000000000     
 ganze Zeug   1.0000000000000000     
 ganze Zeug   1.0000000000000000     
 ganze Zeug   1.0000000000000000     
 ganze Zeug   1.0000000000000000     
 ganze Zeug   1.0000000000000000     
 ganze Zeug   1.0000000000000000     
 ganze Zeug   1.0000000000000000     
 ganze Zeug   1.0000000000000000     
 ganze Zeug   1.0000000000000000     
 ganze Zeug   1.0000000000000000     
 ganze Zeug   1.0000000000000000     
 ganze Zeug   1.0000000000000000     
 ganze Zeug   1.0000000000000000     
 ganze Zeug   1.0000000000000000     
 ganze Zeug   1.0000000000000000     
 ganze Zeug   1.0000000000000000     
 ganze Zeug   1.0000000000000000     
 ganze Zeug   1.0000000000000000     
 ganze Zeug   1.0000000000000000     
 ganze Zeug   1.0000000000000000     
 ganze Zeug   1.0000000000000000     
 ganze Zeug   1.0000000000000000     
 ganze Zeug   1.0000000000000000     
 ganze Zeug   1.0000000000000000     
 ganze Zeug   1.0000000000000000     
 ganze Zeug   1.0000000000000000     
 ganze Zeug   1.0000000000000000     
 ganze Zeug   1.0000000000000000     
 ganze Zeug   1.0000000000000000     
 ganze Zeug   1.0000000000000000     
 ganze Zeug   1.0000000000000000     
 ganze Zeug   1.0000000000000000     
 ganze Zeug   1.0000000000000000     
 ganze Zeug   1.0000000000000000     
 ganze Zeug   1.0000000000000000     
 ganze Zeug   1.0000000000000000     
 ganze Zeug   1.0000000000000000     
 ganze Zeug   1.0000000000000000     
 ganze Zeug   1.0000000000000000     
 ganze Zeug   1.0000000000000000     
 ganze Zeug   1.0000000000000000     
 ganze Zeug   1.0000000000000000     
 ganze Zeug   1.0000000000000000     
 ganze Zeug   1.0000000000000000     
 ganze Zeug   1.0000000000000000     
 ganze Zeug   1.0000000000000000     
 ganze Zeug   1.0000000000000000     
 ganze Zeug   1.0000000000000000     
 ganze Zeug   1.0000000000000000     
 ganze Zeug   1.0000000000000000     
 ganze Zeug   1.0000000000000000     
 ganze Zeug   1.0000000000000000     
 ganze Zeug   1.0000000000000000     
 ganze Zeug   1.0000000000000000     
 ganze Zeug   1.0000000000000000     
 ganze Zeug   1.0000000000000000     
 ganze Zeug   1.0000000000000000     
 ganze Zeug   1.0000000000000000     
 ganze Zeug   1.0000000000000000     
 ganze Zeug   1.0000000000000000     
 ganze Zeug   1.0000000000000000     
 ganze Zeug   1.0000000000000000     
 ganze Zeug   1.0000000000000000     
 ganze Zeug   1.0000000000000000     
 ganze Zeug   1.0000000000000000     
 ganze Zeug   1.0000000000000000     
 ganze Zeug   1.0000000000000000     
 ganze Zeug   1.0000000000000000     
 ganze Zeug   1.0000000000000000     
 ganze Zeug   1.0000000000000000     
 ganze Zeug   1.0000000000000000     
 ganze Zeug   1.0000000000000000     
 ganze Zeug   1.0000000000000000     
 ganze Zeug   1.0000000000000000     
 ganze Zeug   1.0000000000000000     
 ganze Zeug   1.0000000000000000     
 ganze Zeug   1.0000000000000000     
 ganze Zeug   1.0000000000000000     
 ganze Zeug   1.0000000000000000     
 ganze Zeug   1.0000000000000000     
 ganze Zeug   1.0000000000000000     
 ganze Zeug   1.0000000000000000     
 ganze Zeug   1.0000000000000000     
 ganze Zeug   1.0000000000000000     
 ganze Zeug   1.0000000000000000     
 ganze Zeug   1.0000000000000000     
 ganze Zeug   1.0000000000000000     
 ganze Zeug   1.0000000000000000     
 ganze Zeug   1.0000000000000000     
 ganze Zeug   1.0000000000000000     
 ganze Zeug   1.0000000000000000     
 ganze Zeug   1.0000000000000000     
 ganze Zeug   1.0000000000000000     
 ganze Zeug   1.0000000000000000     
 ganze Zeug   1.0000000000000000     
 ganze Zeug   1.0000000000000000     
 ganze Zeug   1.0000000000000000     
 ganze Zeug   1.0000000000000000     
 ganze Zeug   1.0000000000000000     
 ganze Zeug   1.0000000000000000     
 ganze Zeug   1.0000000000000000     
 ganze Zeug   1.0000000000000000     
 ganze Zeug   1.0000000000000000     
 ganze Zeug   1.0000000000000000     
 ganze Zeug   1.0000000000000000     
 ganze Zeug   1.0000000000000000     
 ganze Zeug   1.0000000000000000     
 ganze Zeug   1.0000000000000000     
 ganze Zeug   1.0000000000000000     
 ganze Zeug   1.0000000000000000     
 ganze Zeug   1.0000000000000000     
 ganze Zeug   1.0000000000000000     
 ganze Zeug   1.0000000000000000     
 ganze Zeug   1.0000000000000000     
 ganze Zeug   1.0000000000000000     
 ganze Zeug   1.0000000000000000     
 ganze Zeug   1.0000000000000000     
 ganze Zeug   1.0000000000000000     
 ganze Zeug   1.0000000000000000     
 ganze Zeug   1.0000000000000000     
 ganze Zeug   1.0000000000000000     
 ganze Zeug   1.0000000000000000     
 ganze Zeug   1.0000000000000000     
 ganze Zeug   1.0000000000000000     
 ganze Zeug   1.0000000000000000     
 ganze Zeug   1.0000000000000000     
 ganze Zeug   1.0000000000000000     
 ganze Zeug   1.0000000000000000     
 ganze Zeug   1.0000000000000000     
 ganze Zeug   1.0000000000000000     
 ganze Zeug   1.0000000000000000     
 ganze Zeug   1.0000000000000000     
 ganze Zeug   1.0000000000000000     
 ganze Zeug   1.0000000000000000     
 ganze Zeug   1.0000000000000000     
 ganze Zeug   1.0000000000000000     
 ganze Zeug   1.0000000000000000     
 ganze Zeug   1.0000000000000000     
 ganze Zeug   1.0000000000000000     
 ganze Zeug   1.0000000000000000     
 ganze Zeug   1.0000000000000000     
 ganze Zeug   1.0000000000000000     
 ganze Zeug   1.0000000000000000     
 ganze Zeug   1.0000000000000000     
 ganze Zeug   1.0000000000000000     
 ganze Zeug   1.0000000000000000     
 ganze Zeug   1.0000000000000000     
 ganze Zeug   1.0000000000000000     
 ganze Zeug   1.0000000000000000     
 ganze Zeug   1.0000000000000000     
 ganze Zeug   1.0000000000000000     
 ganze Zeug   1.0000000000000000     
 ganze Zeug   1.0000000000000000     
 ganze Zeug   1.0000000000000000     
 ganze Zeug   1.0000000000000000     
 ganze Zeug   1.0000000000000000     
 ganze Zeug   1.0000000000000000     
 ganze Zeug   1.0000000000000000     
 ganze Zeug   1.0000000000000000     
 ganze Zeug   1.0000000000000000     
 ganze Zeug   1.0000000000000000     
 ganze Zeug   1.0000000000000000     
 ganze Zeug   1.0000000000000000     
 ganze Zeug   1.0000000000000000     
 ganze Zeug   1.0000000000000000     
 ganze Zeug   1.0000000000000000     
 ganze Zeug   1.0000000000000000     
 ganze Zeug   1.0000000000000000     
 ganze Zeug   1.0000000000000000     
 ganze Zeug   1.0000000000000000     
 ganze Zeug   1.0000000000000000     
 ganze Zeug   1.0000000000000000     
 ganze Zeug   1.0000000000000000     
 ganze Zeug   1.0000000000000000     
 ganze Zeug   1.0000000000000000     
 ganze Zeug   1.0000000000000000     
 ganze Zeug   1.0000000000000000     
 ganze Zeug   1.0000000000000000     
 ganze Zeug   1.0000000000000000     
 ganze Zeug   1.0000000000000000     
 ganze Zeug   1.0000000000000000     
 ganze Zeug   1.0000000000000000     
 ganze Zeug   1.0000000000000000     
 ganze Zeug   1.0000000000000000     
 ganze Zeug   1.0000000000000000     
 ganze Zeug   1.0000000000000000     
 ganze Zeug   1.0000000000000000     
 ganze Zeug   1.0000000000000000     
 ganze Zeug   1.0000000000000000     
 ganze Zeug   1.0000000000000000     
 ganze Zeug   1.0000000000000000     
 ganze Zeug   1.0000000000000000     
 ganze Zeug   1.0000000000000000     
 ganze Zeug   1.0000000000000000     
 ganze Zeug   1.0000000000000000     
 ganze Zeug   1.0000000000000000     
 ganze Zeug   1.0000000000000000     
 ganze Zeug   1.0000000000000000     
 ganze Zeug   1.0000000000000000     
 ganze Zeug   1.0000000000000000     
 ganze Zeug   1.0000000000000000     
 ganze Zeug   1.0000000000000000     
 ganze Zeug   1.0000000000000000     
 ganze Zeug   1.0000000000000000     
 ganze Zeug   1.0000000000000000     
 ganze Zeug   1.0000000000000000     
 ganze Zeug   1.0000000000000000     
 ganze Zeug   1.0000000000000000     
 ganze Zeug   1.0000000000000000     
 ganze Zeug   1.0000000000000000     
 ganze Zeug   1.0000000000000000     
 ganze Zeug   1.0000000000000000     
 ganze Zeug   1.0000000000000000     
 ganze Zeug   1.0000000000000000     
 ganze Zeug   1.0000000000000000     
 ganze Zeug   1.0000000000000000     
 ganze Zeug   1.0000000000000000     
 ganze Zeug   1.0000000000000000     
 ganze Zeug   1.0000000000000000     
 ganze Zeug   1.0000000000000000     
 ganze Zeug   1.0000000000000000     
 ganze Zeug   1.0000000000000000     
 ganze Zeug   1.0000000000000000     
 ganze Zeug   1.0000000000000000     
 ganze Zeug   1.0000000000000000     
 ganze Zeug   1.0000000000000000     
 ganze Zeug   1.0000000000000000     
 ganze Zeug   1.0000000000000000     
 ganze Zeug   1.0000000000000000     
 ganze Zeug   1.0000000000000000     
 ganze Zeug   1.0000000000000000     
 ganze Zeug   1.0000000000000000     
 ganze Zeug   1.0000000000000000     
 ganze Zeug   1.0000000000000000     
 ganze Zeug   1.0000000000000000     
 ganze Zeug   1.0000000000000000     
 ganze Zeug   1.0000000000000000     
 ganze Zeug   1.0000000000000000     
 ganze Zeug   1.0000000000000000     
 ganze Zeug   1.0000000000000000     
 ganze Zeug   1.0000000000000000     
 ganze Zeug   1.0000000000000000     
 ganze Zeug   1.0000000000000000     
 ganze Zeug   1.0000000000000000     
 ganze Zeug   1.0000000000000000     
 ganze Zeug   1.0000000000000000     
 ganze Zeug   1.0000000000000000     
 ganze Zeug   1.0000000000000000     
 ganze Zeug   1.0000000000000000     
 ganze Zeug   1.0000000000000000     
 ganze Zeug   1.0000000000000000     
 ganze Zeug   1.0000000000000000     
 ganze Zeug   1.0000000000000000     
 ganze Zeug   1.0000000000000000     
 ganze Zeug   1.0000000000000000     
 ganze Zeug   1.0000000000000000     
 ganze Zeug   1.0000000000000000     
 ganze Zeug   1.0000000000000000     
 ganze Zeug   1.0000000000000000     
 ganze Zeug   1.0000000000000000     
 ganze Zeug   1.0000000000000000     
 ganze Zeug   1.0000000000000000     
 ganze Zeug   1.0000000000000000     
 ganze Zeug   1.0000000000000000     
 ganze Zeug   1.0000000000000000     
 ganze Zeug   1.0000000000000000     
 ganze Zeug   1.0000000000000000     
 ganze Zeug   1.0000000000000000     
 ganze Zeug   1.0000000000000000     
 ganze Zeug   1.0000000000000000     
 ganze Zeug   1.0000000000000000     
 ganze Zeug   1.0000000000000000     
 ganze Zeug   1.0000000000000000     
 ganze Zeug   1.0000000000000000     
 ganze Zeug   1.0000000000000000     
 ganze Zeug   1.0000000000000000     
 ganze Zeug   1.0000000000000000     
 ganze Zeug   1.0000000000000000     
 ganze Zeug   1.0000000000000000     
 ganze Zeug   1.0000000000000000     
 ganze Zeug   1.0000000000000000     
 ganze Zeug   1.0000000000000000     
 ganze Zeug   1.0000000000000000     
 ganze Zeug   1.0000000000000000     
 ganze Zeug   1.0000000000000000     
 ganze Zeug   1.0000000000000000     
 ganze Zeug   1.0000000000000000     
 ganze Zeug   1.0000000000000000     
 ganze Zeug   1.0000000000000000     
 ganze Zeug   1.0000000000000000     
 ganze Zeug   1.0000000000000000     
 ganze Zeug   1.0000000000000000     
 ganze Zeug   1.0000000000000000     
 ganze Zeug   1.0000000000000000     
 ganze Zeug   1.0000000000000000     
 ganze Zeug   1.0000000000000000     
 ganze Zeug   1.0000000000000000     
 ganze Zeug   1.0000000000000000     
 ganze Zeug   1.0000000000000000     
 ganze Zeug   1.0000000000000000     
 ganze Zeug   1.0000000000000000     
 ganze Zeug   1.0000000000000000     
 ganze Zeug   1.0000000000000000     
 ganze Zeug   1.0000000000000000     
 ganze Zeug   1.0000000000000000     
 ganze Zeug   1.0000000000000000     
 ganze Zeug   1.0000000000000000     
 ganze Zeug   1.0000000000000000     
 ganze Zeug   1.0000000000000000     
 ganze Zeug   1.0000000000000000     
 ganze Zeug   1.0000000000000000     
 ganze Zeug   1.0000000000000000     
 ganze Zeug   1.0000000000000000     
 ganze Zeug   1.0000000000000000     
 ganze Zeug   1.0000000000000000     
 ganze Zeug   1.0000000000000000     
 ganze Zeug   1.0000000000000000     
 ganze Zeug   1.0000000000000000     
 ganze Zeug   1.0000000000000000     
 ganze Zeug   1.0000000000000000     
 ganze Zeug   1.0000000000000000     
 ganze Zeug   1.0000000000000000     
 ganze Zeug   1.0000000000000000     
 ganze Zeug   1.0000000000000000     
 ganze Zeug   1.0000000000000000     
 ganze Zeug   1.0000000000000000     
 ganze Zeug   1.0000000000000000     
 ganze Zeug   1.0000000000000000     
 ganze Zeug   1.0000000000000000     
 ganze Zeug   1.0000000000000000     
 ganze Zeug   1.0000000000000000     
 ganze Zeug   1.0000000000000000     
 ganze Zeug   1.0000000000000000     
 ganze Zeug   1.0000000000000000     
 ganze Zeug   1.0000000000000000     
 ganze Zeug   1.0000000000000000     
 ganze Zeug   1.0000000000000000     
 ganze Zeug   1.0000000000000000     
 ganze Zeug   1.0000000000000000     
 ganze Zeug   1.0000000000000000     
 ganze Zeug   1.0000000000000000     
 ganze Zeug   1.0000000000000000     
 ganze Zeug   1.0000000000000000     
 ganze Zeug   1.0000000000000000     
 ganze Zeug   1.0000000000000000     
 ganze Zeug   1.0000000000000000     
 ganze Zeug   1.0000000000000000     
 ganze Zeug   1.0000000000000000     
 ganze Zeug   1.0000000000000000     
 ganze Zeug   1.0000000000000000     
 ganze Zeug   1.0000000000000000     
 ganze Zeug   1.0000000000000000     
 ganze Zeug   1.0000000000000000     
 ganze Zeug   1.0000000000000000     
 ganze Zeug   1.0000000000000000     
 ganze Zeug   1.0000000000000000     
 ganze Zeug   1.0000000000000000     
 ganze Zeug   1.0000000000000000     
 ganze Zeug   1.0000000000000000     
 ganze Zeug   1.0000000000000000     
 ganze Zeug   1.0000000000000000     
 ganze Zeug   1.0000000000000000     
 ganze Zeug   1.0000000000000000     
 ganze Zeug   1.0000000000000000     
 ganze Zeug   1.0000000000000000     
 ganze Zeug   1.0000000000000000     
 ganze Zeug   1.0000000000000000     
 ganze Zeug   1.0000000000000000     
 ganze Zeug   1.0000000000000000     
 ganze Zeug   1.0000000000000000     
 ganze Zeug   1.0000000000000000     
 ganze Zeug   1.0000000000000000     
 ganze Zeug   1.0000000000000000     
 ganze Zeug   1.0000000000000000     
 ganze Zeug   1.0000000000000000     
 ganze Zeug   1.0000000000000000     
 ganze Zeug   1.0000000000000000     
 ganze Zeug   1.0000000000000000     
 ganze Zeug   1.0000000000000000     
 ganze Zeug   1.0000000000000000     
 ganze Zeug   1.0000000000000000     
 ganze Zeug   1.0000000000000000     
 ganze Zeug   1.0000000000000000     
 ganze Zeug   1.0000000000000000     
 ganze Zeug   1.0000000000000000     
 ganze Zeug   1.0000000000000000     
 ganze Zeug   1.0000000000000000     
 ganze Zeug   1.0000000000000000     
 ganze Zeug   1.0000000000000000     
 ganze Zeug   1.0000000000000000     
 ganze Zeug   1.0000000000000000     
 ganze Zeug   1.0000000000000000     
 ganze Zeug   1.0000000000000000     
 ganze Zeug   1.0000000000000000     
 ganze Zeug   1.0000000000000000     
 ganze Zeug   1.0000000000000000     
 ganze Zeug   1.0000000000000000     
 ganze Zeug   1.0000000000000000     
 ganze Zeug   1.0000000000000000     
 ganze Zeug   1.0000000000000000     
 ganze Zeug   1.0000000000000000     
 ganze Zeug   1.0000000000000000     
 ganze Zeug   1.0000000000000000     
 ganze Zeug   1.0000000000000000     
 ganze Zeug   1.0000000000000000     
 ganze Zeug   1.0000000000000000     
 ganze Zeug   1.0000000000000000     
 ganze Zeug   1.0000000000000000     
 ganze Zeug   1.0000000000000000     
 ganze Zeug   1.0000000000000000     
 ganze Zeug   1.0000000000000000     
 ganze Zeug   1.0000000000000000     
 ganze Zeug   1.0000000000000000     
 ganze Zeug   1.0000000000000000     
 ganze Zeug   1.0000000000000000     
 ganze Zeug   1.0000000000000000     
 ganze Zeug   1.0000000000000000     
 ganze Zeug   1.0000000000000000     
 ganze Zeug   1.0000000000000000     
 ganze Zeug   1.0000000000000000     
 ganze Zeug   1.0000000000000000     
 ganze Zeug   1.0000000000000000     
 ganze Zeug   1.0000000000000000     
 ganze Zeug   1.0000000000000000     
 ganze Zeug   1.0000000000000000     
 ganze Zeug   1.0000000000000000     
 ganze Zeug   1.0000000000000000     
 ganze Zeug   1.0000000000000000     
 ganze Zeug   1.0000000000000000     
 ganze Zeug   1.0000000000000000     
 ganze Zeug   1.0000000000000000     
 ganze Zeug   1.0000000000000000     
 ganze Zeug   1.0000000000000000     
 ganze Zeug   1.0000000000000000     
 ganze Zeug   1.0000000000000000     
 ganze Zeug   1.0000000000000000     
 ganze Zeug   1.0000000000000000     
 ganze Zeug   1.0000000000000000     
 ganze Zeug   1.0000000000000000     
 ganze Zeug   1.0000000000000000     
 ganze Zeug   1.0000000000000000     
 ganze Zeug   1.0000000000000000     
 ganze Zeug   1.0000000000000000     
 ganze Zeug   1.0000000000000000     
 ganze Zeug   1.0000000000000000     
 ganze Zeug   1.0000000000000000     
 ganze Zeug   1.0000000000000000     
 ganze Zeug   1.0000000000000000     
 ganze Zeug   1.0000000000000000     
 ganze Zeug   1.0000000000000000     
 ganze Zeug   1.0000000000000000     
 ganze Zeug   1.0000000000000000     
 ganze Zeug   1.0000000000000000     
 ganze Zeug   1.0000000000000000     
 ganze Zeug   1.0000000000000000     
 ganze Zeug   1.0000000000000000     
 ganze Zeug   1.0000000000000000     
 ganze Zeug   1.0000000000000000     
 ganze Zeug   1.0000000000000000     
 ganze Zeug   1.0000000000000000     
 ganze Zeug   1.0000000000000000     
 ganze Zeug   1.0000000000000000     
 ganze Zeug   1.0000000000000000     
 ganze Zeug   1.0000000000000000     
 ganze Zeug   1.0000000000000000     
 ganze Zeug   1.0000000000000000     
 ganze Zeug   1.0000000000000000     
 ganze Zeug   1.0000000000000000     
 ganze Zeug   1.0000000000000000     
 ganze Zeug   1.0000000000000000     
 ganze Zeug   1.0000000000000000     
 ganze Zeug   1.0000000000000000     
 ganze Zeug   1.0000000000000000     
 ganze Zeug   1.0000000000000000     
 ganze Zeug   1.0000000000000000     
 ganze Zeug   1.0000000000000000     
 ganze Zeug   1.0000000000000000     
 ganze Zeug   1.0000000000000000     
 ganze Zeug   1.0000000000000000     
 ganze Zeug   1.0000000000000000     
 ganze Zeug   1.0000000000000000     
 ganze Zeug   1.0000000000000000     
 ganze Zeug   1.0000000000000000     
 ganze Zeug   1.0000000000000000     
 ganze Zeug   1.0000000000000000     
 ganze Zeug   1.0000000000000000     
 ganze Zeug   1.0000000000000000     
 ganze Zeug   1.0000000000000000     
 ganze Zeug   1.0000000000000000     
 ganze Zeug   1.0000000000000000     
 ganze Zeug   1.0000000000000000     
 ganze Zeug   1.0000000000000000     
 ganze Zeug   1.0000000000000000     
 ganze Zeug   1.0000000000000000     
 ganze Zeug   1.0000000000000000     
 ganze Zeug   1.0000000000000000     
 ganze Zeug   1.0000000000000000     
 ganze Zeug   1.0000000000000000     
 ganze Zeug   1.0000000000000000     
 ganze Zeug   1.0000000000000000     
 ganze Zeug   1.0000000000000000     
 ganze Zeug   1.0000000000000000     
 ganze Zeug   1.0000000000000000     
 ganze Zeug   1.0000000000000000     
 ganze Zeug   1.0000000000000000     
 ganze Zeug   1.0000000000000000     
 ganze Zeug   1.0000000000000000     
 ganze Zeug   1.0000000000000000     
 ganze Zeug   1.0000000000000000     
 ganze Zeug   1.0000000000000000     
 ganze Zeug   1.0000000000000000     
 ganze Zeug   1.0000000000000000     
 ganze Zeug   1.0000000000000000     
 ganze Zeug   1.0000000000000000     
 ganze Zeug   1.0000000000000000     
 ganze Zeug   1.0000000000000000     
 ganze Zeug   1.0000000000000000     
 ganze Zeug   1.0000000000000000     
 ganze Zeug   1.0000000000000000     
 ganze Zeug   1.0000000000000000     
 ganze Zeug   1.0000000000000000     
 ganze Zeug   1.0000000000000000     
 ganze Zeug   1.0000000000000000     
 ganze Zeug   1.0000000000000000     
 ganze Zeug   1.0000000000000000     
 ganze Zeug   1.0000000000000000     
 ganze Zeug   1.0000000000000000     
 ganze Zeug   1.0000000000000000     
 ganze Zeug   1.0000000000000000     
 ganze Zeug   1.0000000000000000     
 ganze Zeug   1.0000000000000000     
 ganze Zeug   1.0000000000000000     
 ganze Zeug   1.0000000000000000     
 ganze Zeug   1.0000000000000000     
 ganze Zeug   1.0000000000000000     
 ganze Zeug   1.0000000000000000     
 ganze Zeug   1.0000000000000000     
 ganze Zeug   1.0000000000000000     
 ganze Zeug   1.0000000000000000     
 ganze Zeug   1.0000000000000000     
 ganze Zeug   1.0000000000000000     
 ganze Zeug   1.0000000000000000     
 ganze Zeug   1.0000000000000000     
 ganze Zeug   1.0000000000000000     
 ganze Zeug   1.0000000000000000     
 ganze Zeug   1.0000000000000000     
 ganze Zeug   1.0000000000000000     
 ganze Zeug   1.0000000000000000     
 ganze Zeug   1.0000000000000000     
 ganze Zeug   1.0000000000000000     
 ganze Zeug   1.0000000000000000     
 ganze Zeug   1.0000000000000000     
 ganze Zeug   1.0000000000000000     
 ganze Zeug   1.0000000000000000     
 ganze Zeug   1.0000000000000000     
 ganze Zeug   1.0000000000000000     
 ganze Zeug   1.0000000000000000     
 ganze Zeug   1.0000000000000000     
 ganze Zeug   1.0000000000000000     
 ganze Zeug   1.0000000000000000     
 ganze Zeug   1.0000000000000000     
 ganze Zeug   1.0000000000000000     
 ganze Zeug   1.0000000000000000     
 ganze Zeug   1.0000000000000000     
 ganze Zeug   1.0000000000000000     
 ganze Zeug   1.0000000000000000     
 ganze Zeug   1.0000000000000000     
 ganze Zeug   1.0000000000000000     
 ganze Zeug   1.0000000000000000     
 ganze Zeug   1.0000000000000000     
 ganze Zeug   1.0000000000000000     
 ganze Zeug   1.0000000000000000     
 ganze Zeug   1.0000000000000000     
 ganze Zeug   1.0000000000000000     
 ganze Zeug   1.0000000000000000     
 ganze Zeug   1.0000000000000000     
 ganze Zeug   1.0000000000000000     
 ganze Zeug   1.0000000000000000     
 ganze Zeug   1.0000000000000000     
 ganze Zeug   1.0000000000000000     
 ganze Zeug   1.0000000000000000     
 ganze Zeug   1.0000000000000000     
 ganze Zeug   1.0000000000000000     
 ganze Zeug   1.0000000000000000     
 ganze Zeug   1.0000000000000000     
 ganze Zeug   1.0000000000000000     
 ganze Zeug   1.0000000000000000     
 ganze Zeug   1.0000000000000000     
 ganze Zeug   1.0000000000000000     
 ganze Zeug   1.0000000000000000     
 ganze Zeug   1.0000000000000000     
 ganze Zeug   1.0000000000000000     
 ganze Zeug   1.0000000000000000     
 ganze Zeug   1.0000000000000000     
 ganze Zeug   1.0000000000000000     
 ganze Zeug   1.0000000000000000     
 ganze Zeug   1.0000000000000000     
 ganze Zeug   1.0000000000000000     
 ganze Zeug   1.0000000000000000     
 ganze Zeug   1.0000000000000000     
 ganze Zeug   1.0000000000000000     
 ganze Zeug   1.0000000000000000     
 ganze Zeug   1.0000000000000000     
 ganze Zeug   1.0000000000000000     
 ganze Zeug   1.0000000000000000     
 ganze Zeug   1.0000000000000000     
 ganze Zeug   1.0000000000000000     
 ganze Zeug   1.0000000000000000     
 ganze Zeug   1.0000000000000000     
 ganze Zeug   1.0000000000000000     
 ganze Zeug   1.0000000000000000     
 ganze Zeug   1.0000000000000000     
 ganze Zeug   1.0000000000000000     
 ganze Zeug   1.0000000000000000     
 ganze Zeug   1.0000000000000000     
 ganze Zeug   1.0000000000000000     
 ganze Zeug   1.0000000000000000     
 ganze Zeug   1.0000000000000000     
 ganze Zeug   1.0000000000000000     
 ganze Zeug   1.0000000000000000     
 ganze Zeug   1.0000000000000000     
 ganze Zeug   1.0000000000000000     
 ganze Zeug   1.0000000000000000     
 ganze Zeug   1.0000000000000000     
 ganze Zeug   1.0000000000000000     
 ganze Zeug   1.0000000000000000     
 ganze Zeug   1.0000000000000000     
 ganze Zeug   1.0000000000000000     
 ganze Zeug   1.0000000000000000     
 ganze Zeug   1.0000000000000000     
 ganze Zeug   1.0000000000000000     
 ganze Zeug   1.0000000000000000     
 ganze Zeug   1.0000000000000000     
 ganze Zeug   1.0000000000000000     
 ganze Zeug   1.0000000000000000     
 ganze Zeug   1.0000000000000000     
 ganze Zeug   1.0000000000000000     
 ganze Zeug   1.0000000000000000     
 ganze Zeug   1.0000000000000000     
 ganze Zeug   1.0000000000000000     
 ganze Zeug   1.0000000000000000     
 ganze Zeug   1.0000000000000000     
 ganze Zeug   1.0000000000000000     
 ganze Zeug   1.0000000000000000     
 ganze Zeug   1.0000000000000000     
 ganze Zeug   1.0000000000000000     
 ganze Zeug   1.0000000000000000     
 ganze Zeug   1.0000000000000000     
 ganze Zeug   1.0000000000000000     
 ganze Zeug   1.0000000000000000     
 ganze Zeug   1.0000000000000000     
 ganze Zeug   1.0000000000000000     
 ganze Zeug   1.0000000000000000     
 ganze Zeug   1.0000000000000000     
 ganze Zeug   1.0000000000000000     
 ganze Zeug   1.0000000000000000     
 ganze Zeug   1.0000000000000000     
 ganze Zeug   1.0000000000000000     
 ganze Zeug   1.0000000000000000     
 ganze Zeug   1.0000000000000000     
 ganze Zeug   1.0000000000000000     
 ganze Zeug   1.0000000000000000     
 ganze Zeug   1.0000000000000000     
 ganze Zeug   1.0000000000000000     
 ganze Zeug   1.0000000000000000     
 ganze Zeug   1.0000000000000000     
 ganze Zeug   1.0000000000000000     
 ganze Zeug   1.0000000000000000     
 ganze Zeug   1.0000000000000000     
 ganze Zeug   1.0000000000000000     
 ganze Zeug   1.0000000000000000     
 ganze Zeug   1.0000000000000000     
 ganze Zeug   1.0000000000000000     
 ganze Zeug   1.0000000000000000     
 ganze Zeug   1.0000000000000000     
 ganze Zeug   1.0000000000000000     
 ganze Zeug   1.0000000000000000     
 ganze Zeug   1.0000000000000000     
 ganze Zeug   1.0000000000000000     
 ganze Zeug   1.0000000000000000     
 ganze Zeug   1.0000000000000000     
 ganze Zeug   1.0000000000000000     
 ganze Zeug   1.0000000000000000     
 ganze Zeug   1.0000000000000000     
 ganze Zeug   1.0000000000000000     
 ganze Zeug   1.0000000000000000     
 ganze Zeug   1.0000000000000000     
 ganze Zeug   1.0000000000000000     
 ganze Zeug   1.0000000000000000     
 ganze Zeug   1.0000000000000000     
 ganze Zeug   1.0000000000000000     
 ganze Zeug   1.0000000000000000     
 ganze Zeug   1.0000000000000000     
 ganze Zeug   1.0000000000000000     
 ganze Zeug   1.0000000000000000     
 ganze Zeug   1.0000000000000000     
 ganze Zeug   1.0000000000000000     
 ganze Zeug   1.0000000000000000     
 ganze Zeug   1.0000000000000000     
 ganze Zeug   1.0000000000000000     
 ganze Zeug   1.0000000000000000     
 ganze Zeug   1.0000000000000000     
 ganze Zeug   1.0000000000000000     
 ganze Zeug   1.0000000000000000     
 ganze Zeug   1.0000000000000000     
 ganze Zeug   1.0000000000000000     
 ganze Zeug   1.0000000000000000     
 ganze Zeug   1.0000000000000000     
 ganze Zeug   1.0000000000000000     
 ganze Zeug   1.0000000000000000     
 ganze Zeug   1.0000000000000000     
 ganze Zeug   1.0000000000000000     
 ganze Zeug   1.0000000000000000     
 ganze Zeug   1.0000000000000000     
 ganze Zeug   1.0000000000000000     
 ganze Zeug   1.0000000000000000     
 ganze Zeug   1.0000000000000000     
 ganze Zeug   1.0000000000000000     
 ganze Zeug   1.0000000000000000     
 ganze Zeug   1.0000000000000000     
 ganze Zeug   1.0000000000000000     
 ganze Zeug   1.0000000000000000     
 ganze Zeug   1.0000000000000000     
 ganze Zeug   1.0000000000000000     
 ganze Zeug   1.0000000000000000     
 ganze Zeug   1.0000000000000000     
 ganze Zeug   1.0000000000000000     
 ganze Zeug   1.0000000000000000     
 ganze Zeug   1.0000000000000000     
 ganze Zeug   1.0000000000000000     
 ganze Zeug   1.0000000000000000     
 ganze Zeug   1.0000000000000000     
 ganze Zeug   1.0000000000000000     
 ganze Zeug   1.0000000000000000     
 ganze Zeug   1.0000000000000000     
 ganze Zeug   1.0000000000000000     
 ganze Zeug   1.0000000000000000     
 ganze Zeug   1.0000000000000000     
 ganze Zeug   1.0000000000000000     
 ganze Zeug   1.0000000000000000     
 ganze Zeug   1.0000000000000000     
 ganze Zeug   1.0000000000000000     
 ganze Zeug   1.0000000000000000     
 ganze Zeug   1.0000000000000000     
 ganze Zeug   1.0000000000000000     
 ganze Zeug   1.0000000000000000     
 ganze Zeug   1.0000000000000000     
 ganze Zeug   1.0000000000000000     
 ganze Zeug   1.0000000000000000     
 ganze Zeug   1.0000000000000000     
 ganze Zeug   1.0000000000000000     
 ganze Zeug   1.0000000000000000     
 ganze Zeug   1.0000000000000000     
 ganze Zeug   1.0000000000000000     
 ganze Zeug   1.0000000000000000     
 ganze Zeug   1.0000000000000000     
 ganze Zeug   1.0000000000000000     
 ganze Zeug   1.0000000000000000     
 ganze Zeug   1.0000000000000000     
 ganze Zeug   1.0000000000000000     
 ganze Zeug   1.0000000000000000     
 ganze Zeug   1.0000000000000000     
 ganze Zeug   1.0000000000000000     
 ganze Zeug   1.0000000000000000     
 ganze Zeug   1.0000000000000000     
 ganze Zeug   1.0000000000000000     
 ganze Zeug   1.0000000000000000     
 ganze Zeug   1.0000000000000000     
 ganze Zeug   1.0000000000000000     
 ganze Zeug   1.0000000000000000     
 ganze Zeug   1.0000000000000000     
 ganze Zeug   1.0000000000000000     
 ganze Zeug   1.0000000000000000     
 ganze Zeug   1.0000000000000000     
 ganze Zeug   1.0000000000000000     
 ganze Zeug   1.0000000000000000     
 ganze Zeug   1.0000000000000000     
 ganze Zeug   1.0000000000000000     
 ganze Zeug   1.0000000000000000     
 ganze Zeug   1.0000000000000000     
 ganze Zeug   1.0000000000000000     
 ganze Zeug   1.0000000000000000     
 ganze Zeug   1.0000000000000000     
 ganze Zeug   1.0000000000000000     
 ganze Zeug   1.0000000000000000     
 ganze Zeug   1.0000000000000000     
 ganze Zeug   1.0000000000000000     
 ganze Zeug   1.0000000000000000     
 ganze Zeug   1.0000000000000000     
 ganze Zeug   1.0000000000000000     
 ganze Zeug   1.0000000000000000     
 ganze Zeug   1.0000000000000000     
 ganze Zeug   1.0000000000000000     
 ganze Zeug   1.0000000000000000     
 ganze Zeug   1.0000000000000000     
 ganze Zeug   1.0000000000000000     
 ganze Zeug   1.0000000000000000     
 ganze Zeug   1.0000000000000000     
 ganze Zeug   1.0000000000000000     
 ganze Zeug   1.0000000000000000     
 ganze Zeug   1.0000000000000000     
 ganze Zeug   1.0000000000000000     
 ganze Zeug   1.0000000000000000     
 ganze Zeug   1.0000000000000000     
 ganze Zeug   1.0000000000000000     
 ganze Zeug   1.0000000000000000     
 ganze Zeug   1.0000000000000000     
 ganze Zeug   1.0000000000000000     
 ganze Zeug   1.0000000000000000     
 ganze Zeug   1.0000000000000000     
 ganze Zeug   1.0000000000000000     
 ganze Zeug   1.0000000000000000     
 ganze Zeug   1.0000000000000000     
 ganze Zeug   1.0000000000000000     
 ganze Zeug   1.0000000000000000     
 ganze Zeug   1.0000000000000000     
 ganze Zeug   1.0000000000000000     
 ganze Zeug   1.0000000000000000     
 ganze Zeug   1.0000000000000000     
 ganze Zeug   1.0000000000000000     
 ganze Zeug   1.0000000000000000     
 ganze Zeug   1.0000000000000000     
 ganze Zeug   1.0000000000000000     
 ganze Zeug   1.0000000000000000     
 ganze Zeug   1.0000000000000000     
 ganze Zeug   1.0000000000000000     
 ganze Zeug   1.0000000000000000     
 ganze Zeug   1.0000000000000000     
 ganze Zeug   1.0000000000000000     
 ganze Zeug   1.0000000000000000     
 ganze Zeug   1.0000000000000000     
 ganze Zeug   1.0000000000000000     
 ganze Zeug   1.0000000000000000     
 ganze Zeug   1.0000000000000000     
 ganze Zeug   1.0000000000000000     
 ganze Zeug   1.0000000000000000     
 ganze Zeug   1.0000000000000000     
 ganze Zeug   1.0000000000000000     
 ganze Zeug   1.0000000000000000     
 ganze Zeug   1.0000000000000000     
 ganze Zeug   1.0000000000000000     
 ganze Zeug   1.0000000000000000     
 ganze Zeug   1.0000000000000000     
 ganze Zeug   1.0000000000000000     
 ganze Zeug   1.0000000000000000     
 ganze Zeug   1.0000000000000000     
 ganze Zeug   1.0000000000000000     
 ganze Zeug   1.0000000000000000     
 ganze Zeug   1.0000000000000000     
 ganze Zeug   1.0000000000000000     
 ganze Zeug   1.0000000000000000     
 ganze Zeug   1.0000000000000000     
 ganze Zeug   1.0000000000000000     
 ganze Zeug   1.0000000000000000     
 ganze Zeug   1.0000000000000000     
 ganze Zeug   1.0000000000000000     
 ganze Zeug   1.0000000000000000     
 ganze Zeug   1.0000000000000000     
 ganze Zeug   1.0000000000000000     
 ganze Zeug   1.0000000000000000     
 ganze Zeug   1.0000000000000000     
 ganze Zeug   1.0000000000000000     
 ganze Zeug   1.0000000000000000     
 ganze Zeug   1.0000000000000000     
 ganze Zeug   1.0000000000000000     
 ganze Zeug   1.0000000000000000     
 ganze Zeug   1.0000000000000000     
 ganze Zeug   1.0000000000000000     
 ganze Zeug   1.0000000000000000     
 ganze Zeug   1.0000000000000000     
 ganze Zeug   1.0000000000000000     
 ganze Zeug   1.0000000000000000     
 ganze Zeug   1.0000000000000000     
 ganze Zeug   1.0000000000000000     
 ganze Zeug   1.0000000000000000     
 ganze Zeug   1.0000000000000000     
 ganze Zeug   1.0000000000000000     
 ganze Zeug   1.0000000000000000     
 ganze Zeug   1.0000000000000000     
 ganze Zeug   1.0000000000000000     
 ganze Zeug   1.0000000000000000     
 ganze Zeug   1.0000000000000000     
 ganze Zeug   1.0000000000000000     
 ganze Zeug   1.0000000000000000     
 ganze Zeug   1.0000000000000000     
 ganze Zeug   1.0000000000000000     
 ganze Zeug   1.0000000000000000     
 ganze Zeug   1.0000000000000000     
 ganze Zeug   1.0000000000000000     
 ganze Zeug   1.0000000000000000     
 ganze Zeug   1.0000000000000000     
 ganze Zeug   1.0000000000000000     
 ganze Zeug   1.0000000000000000     
 ganze Zeug   1.0000000000000000     
 ganze Zeug   1.0000000000000000     
 ganze Zeug   1.0000000000000000     
 ganze Zeug   1.0000000000000000     
 ganze Zeug   1.0000000000000000     
 ganze Zeug   1.0000000000000000     
 ganze Zeug   1.0000000000000000     
 ganze Zeug   1.0000000000000000     
 ganze Zeug   1.0000000000000000     
 ganze Zeug   1.0000000000000000     
 ganze Zeug   1.0000000000000000     
 ganze Zeug   1.0000000000000000     
 ganze Zeug   1.0000000000000000     
 ganze Zeug   1.0000000000000000     
 ganze Zeug   1.0000000000000000     
 ganze Zeug   1.0000000000000000     
 ganze Zeug   1.0000000000000000     
 ganze Zeug   1.0000000000000000     
 ganze Zeug   1.0000000000000000     
 ganze Zeug   1.0000000000000000     
 ganze Zeug   1.0000000000000000     
 ganze Zeug   1.0000000000000000     
 ganze Zeug   1.0000000000000000     
 ganze Zeug   1.0000000000000000     
 ganze Zeug   1.0000000000000000     
 ganze Zeug   1.0000000000000000     
 ganze Zeug   1.0000000000000000     
 ganze Zeug   1.0000000000000000     
 ganze Zeug   1.0000000000000000     
 ganze Zeug   1.0000000000000000     
 ganze Zeug   1.0000000000000000     
 ganze Zeug   1.0000000000000000     
 ganze Zeug   1.0000000000000000     
 ganze Zeug   1.0000000000000000     
 ganze Zeug   1.0000000000000000     
 ganze Zeug   1.0000000000000000     
 ganze Zeug   1.0000000000000000     
 ganze Zeug   1.0000000000000000     
 ganze Zeug   1.0000000000000000     
 ganze Zeug   1.0000000000000000     
 ganze Zeug   1.0000000000000000     
 ganze Zeug   1.0000000000000000     
 ganze Zeug   1.0000000000000000     
 ganze Zeug   1.0000000000000000     
 ganze Zeug   1.0000000000000000     
 ganze Zeug   1.0000000000000000     
 ganze Zeug   1.0000000000000000     
 ganze Zeug   1.0000000000000000     
 ganze Zeug   1.0000000000000000     
 ganze Zeug   1.0000000000000000     
 ganze Zeug   1.0000000000000000     
 ganze Zeug   1.0000000000000000     
 ganze Zeug   1.0000000000000000     
 ganze Zeug   1.0000000000000000     
 ganze Zeug   1.0000000000000000     
 ganze Zeug   1.0000000000000000     
 ganze Zeug   1.0000000000000000     
 ganze Zeug   1.0000000000000000     
 ganze Zeug   1.0000000000000000     
 ganze Zeug   1.0000000000000000     
 ganze Zeug   1.0000000000000000     
 ganze Zeug   1.0000000000000000     
 ganze Zeug   1.0000000000000000     
 ganze Zeug   1.0000000000000000     
 ganze Zeug   1.0000000000000000     
 ganze Zeug   1.0000000000000000     
 ganze Zeug   1.0000000000000000     
 ganze Zeug   1.0000000000000000     
 ganze Zeug   1.0000000000000000     
 ganze Zeug   1.0000000000000000     
 ganze Zeug   1.0000000000000000     
 ganze Zeug   1.0000000000000000     
 ganze Zeug   1.0000000000000000     
 ganze Zeug   1.0000000000000000     
 ganze Zeug   1.0000000000000000     
 ganze Zeug   1.0000000000000000     
 ganze Zeug   1.0000000000000000     
 ganze Zeug   1.0000000000000000     
 ganze Zeug   1.0000000000000000     
 ganze Zeug   1.0000000000000000     
 ganze Zeug   1.0000000000000000     
 ganze Zeug   1.0000000000000000     
 ganze Zeug   1.0000000000000000     
 ganze Zeug   1.0000000000000000     
 ganze Zeug   1.0000000000000000     
 ganze Zeug   1.0000000000000000     
 ganze Zeug   1.0000000000000000     
 ganze Zeug   1.0000000000000000     
 ganze Zeug   1.0000000000000000     
 ganze Zeug   1.0000000000000000     
 ganze Zeug   1.0000000000000000     
 ganze Zeug   1.0000000000000000     
 ganze Zeug   1.0000000000000000     
 ganze Zeug   1.0000000000000000     
 ganze Zeug   1.0000000000000000     
 ganze Zeug   1.0000000000000000     
 ganze Zeug   1.0000000000000000     
 ganze Zeug   1.0000000000000000     
 ganze Zeug   1.0000000000000000     
 ganze Zeug   1.0000000000000000     
 ganze Zeug   1.0000000000000000     
 ganze Zeug   1.0000000000000000     
 ganze Zeug   1.0000000000000000     
 ganze Zeug   1.0000000000000000     
 ganze Zeug   1.0000000000000000     
 ganze Zeug   1.0000000000000000     
 ganze Zeug   1.0000000000000000     
 ganze Zeug   1.0000000000000000     
 ganze Zeug   1.0000000000000000     
 ganze Zeug   1.0000000000000000     
 ganze Zeug   1.0000000000000000     
 ganze Zeug   1.0000000000000000     
 ganze Zeug   1.0000000000000000     
 ganze Zeug   1.0000000000000000     
 ganze Zeug   1.0000000000000000     
 ganze Zeug   1.0000000000000000     
 ganze Zeug   1.0000000000000000     
 ganze Zeug   1.0000000000000000     
 ganze Zeug   1.0000000000000000     
 ganze Zeug   1.0000000000000000     
 ganze Zeug   1.0000000000000000     
 ganze Zeug   1.0000000000000000     
 ganze Zeug   1.0000000000000000     
 ganze Zeug   1.0000000000000000     
 ganze Zeug   1.0000000000000000     
 ganze Zeug   1.0000000000000000     
 ganze Zeug   1.0000000000000000     
 ganze Zeug   1.0000000000000000     
 ganze Zeug   1.0000000000000000     
 ganze Zeug   1.0000000000000000     
 ganze Zeug   1.0000000000000000     
 ganze Zeug   1.0000000000000000     
 ganze Zeug   1.0000000000000000     
 ganze Zeug   1.0000000000000000     
 ganze Zeug   1.0000000000000000     
 ganze Zeug   1.0000000000000000     
 ganze Zeug   1.0000000000000000     
 ganze Zeug   1.0000000000000000     
 ganze Zeug   1.0000000000000000     
 ganze Zeug   1.0000000000000000     
 ganze Zeug   1.0000000000000000     
 ganze Zeug   1.0000000000000000     
 ganze Zeug   1.0000000000000000     
 ganze Zeug   1.0000000000000000     
 ganze Zeug   1.0000000000000000     
 ganze Zeug   1.0000000000000000     
 ganze Zeug   1.0000000000000000     
 ganze Zeug   1.0000000000000000     
 ganze Zeug   1.0000000000000000     
 ganze Zeug   1.0000000000000000     
 ganze Zeug   1.0000000000000000     
 ganze Zeug   1.0000000000000000     
 ganze Zeug   1.0000000000000000     
 ganze Zeug   1.0000000000000000     
 ganze Zeug   1.0000000000000000     
 ganze Zeug   1.0000000000000000     
 ganze Zeug   1.0000000000000000     
 ganze Zeug   1.0000000000000000     
 ganze Zeug   1.0000000000000000     
 ganze Zeug   1.0000000000000000     
 ganze Zeug   1.0000000000000000     
 ganze Zeug   1.0000000000000000     
 ganze Zeug   1.0000000000000000     
 ganze Zeug   1.0000000000000000     
 ganze Zeug   1.0000000000000000     
 ganze Zeug   1.0000000000000000     
 ganze Zeug   1.0000000000000000     
 ganze Zeug   1.0000000000000000     
 ganze Zeug   1.0000000000000000     
 ganze Zeug   1.0000000000000000     
 ganze Zeug   1.0000000000000000     
 ganze Zeug   1.0000000000000000     
 ganze Zeug   1.0000000000000000     
 ganze Zeug   1.0000000000000000     
 ganze Zeug   1.0000000000000000     
 ganze Zeug   1.0000000000000000     
 ganze Zeug   1.0000000000000000     
 ganze Zeug   1.0000000000000000     
 ganze Zeug   1.0000000000000000     
 ganze Zeug   1.0000000000000000     
 ganze Zeug   1.0000000000000000     
 ganze Zeug   1.0000000000000000     
 ganze Zeug   1.0000000000000000     
 ganze Zeug   1.0000000000000000     
 ganze Zeug   1.0000000000000000     
 ganze Zeug   1.0000000000000000     
 ganze Zeug   1.0000000000000000     
 ganze Zeug   1.0000000000000000     
 ganze Zeug   1.0000000000000000     
 ganze Zeug   1.0000000000000000     
 ganze Zeug   1.0000000000000000     
 ganze Zeug   1.0000000000000000     
 ganze Zeug   1.0000000000000000     
 ganze Zeug   1.0000000000000000     
 ganze Zeug   1.0000000000000000     
 ganze Zeug   1.0000000000000000     
 ganze Zeug   1.0000000000000000     
 ganze Zeug   1.0000000000000000     
 ganze Zeug   1.0000000000000000     
 ganze Zeug   1.0000000000000000     
 ganze Zeug   1.0000000000000000     
 ganze Zeug   1.0000000000000000     
 ganze Zeug   1.0000000000000000     
 ganze Zeug   1.0000000000000000     
 ganze Zeug   1.0000000000000000     
 ganze Zeug   1.0000000000000000     
 ganze Zeug   1.0000000000000000     
 ganze Zeug   1.0000000000000000     
 ganze Zeug   1.0000000000000000     
 ganze Zeug   1.0000000000000000     
 ganze Zeug   1.0000000000000000     
 ganze Zeug   1.0000000000000000     
 ganze Zeug   1.0000000000000000     
 ganze Zeug   1.0000000000000000     
 ganze Zeug   1.0000000000000000     
 ganze Zeug   1.0000000000000000     
 ganze Zeug   1.0000000000000000     
 ganze Zeug   1.0000000000000000     
 ganze Zeug   1.0000000000000000     
 ganze Zeug   1.0000000000000000     
 ganze Zeug   1.0000000000000000     
 ganze Zeug   1.0000000000000000     
 ganze Zeug   1.0000000000000000     
 ganze Zeug   1.0000000000000000     
 ganze Zeug   1.0000000000000000     
 ganze Zeug   1.0000000000000000     
  C-c C-c ganze Zeug   1.0000000000000000     
 ganze Zeug   1.0000000000000000     
 ganze Zeug   1.0000000000000000     
 ganze Zeug   1.0000000000000000     
 ganze Zeug   1.0000000000000000     
 ganze Zeug   1.0000000000000000     
 ganze Zeug   1.0000000000000000     

boscij@boscij-Inspiron-1545:~/Dropbox/3.Semester_DD/Programmieren/Fortran/pruefffff$ f95 simpson_mod.f95 simpson.f95 -o simpson
simpson.f95:9.23:

  write (*,*) simpson(n,a,b)
                       1
Error: Symbol 'n' at (1) has no IMPLICIT type
boscij@boscij-Inspiron-1545:~/Dropbox/3.Semester_DD/Programmieren/Fortran/pruefffff$ f95 simpson_mod.f95 simpson.f95 -o simpson
boscij@boscij-Inspiron-1545:~/Dropbox/3.Semester_DD/Programmieren/Fortran/pruefffff$ ./simpson
 sachen eingeben
1
2
1
1
0.1
  0.37979491708599955     
 loesung   0.0000000000000000     
boscij@boscij-Inspiron-1545:~/Dropbox/3.Semester_DD/Programmieren/Fortran/pruefffff$ f95 simpson_mod.f95 simpson.f95 -o simpson
boscij@boscij-Inspiron-1545:~/Dropbox/3.Semester_DD/Programmieren/Fortran/pruefffff$ ./simpson
 sachen eingeben
  1.06099785743958143E-314
 ganze Zeug                       NaN   0.0000000000000000     
1
2
0.1
1
1
1
